Archive member included to satisfy reference by file (symbol)

c:/program files/microchip/xc32/v3.01/bin/bin/../../lib/gcc/pic32c/8.3.1/../../../../pic32c/lib/thumb/v7e-m+fp/hard\libpic32c.a(data_init.o)
                              build/sam_e54_xpro_winc1500/production/_ext/231993977/startup_xc32.o (__pic32c_data_initialization)
c:/program files/microchip/xc32/v3.01/bin/bin/../../lib/gcc/pic32c/8.3.1/thumb/v7e-m+fp/hard\libgcc.a(_aeabi_uldivmod.o)
                              build/sam_e54_xpro_winc1500/production/_ext/923560386/plib_sercom2_usart.o (__aeabi_uldivmod)
c:/program files/microchip/xc32/v3.01/bin/bin/../../lib/gcc/pic32c/8.3.1/thumb/v7e-m+fp/hard\libgcc.a(_udivmoddi4.o)
                              c:/program files/microchip/xc32/v3.01/bin/bin/../../lib/gcc/pic32c/8.3.1/thumb/v7e-m+fp/hard\libgcc.a(_aeabi_uldivmod.o) (__udivmoddi4)
c:/program files/microchip/xc32/v3.01/bin/bin/../../lib/gcc/pic32c/8.3.1/thumb/v7e-m+fp/hard\libgcc.a(_dvmd_tls.o)
                              c:/program files/microchip/xc32/v3.01/bin/bin/../../lib/gcc/pic32c/8.3.1/thumb/v7e-m+fp/hard\libgcc.a(_aeabi_uldivmod.o) (__aeabi_ldiv0)
c:/program files/microchip/xc32/v3.01/bin/bin/../../lib/gcc/pic32c/8.3.1/../../../../pic32c/lib/thumb/v7e-m+fp/hard\libc_nano.a(lib_a-gmtime.o)
                              build/sam_e54_xpro_winc1500/production/_ext/810064134/wdrv_winc_systime.o (gmtime)
c:/program files/microchip/xc32/v3.01/bin/bin/../../lib/gcc/pic32c/8.3.1/../../../../pic32c/lib/thumb/v7e-m+fp/hard\libc_nano.a(lib_a-gmtime_r.o)
                              c:/program files/microchip/xc32/v3.01/bin/bin/../../lib/gcc/pic32c/8.3.1/../../../../pic32c/lib/thumb/v7e-m+fp/hard\libc_nano.a(lib_a-gmtime.o) (gmtime_r)
c:/program files/microchip/xc32/v3.01/bin/bin/../../lib/gcc/pic32c/8.3.1/../../../../pic32c/lib/thumb/v7e-m+fp/hard\libc_nano.a(lib_a-impure.o)
                              c:/program files/microchip/xc32/v3.01/bin/bin/../../lib/gcc/pic32c/8.3.1/../../../../pic32c/lib/thumb/v7e-m+fp/hard\libc_nano.a(lib_a-gmtime.o) (_impure_ptr)
c:/program files/microchip/xc32/v3.01/bin/bin/../../lib/gcc/pic32c/8.3.1/../../../../pic32c/lib/thumb/v7e-m+fp/hard\libc_nano.a(lib_a-init.o)
                              build/sam_e54_xpro_winc1500/production/_ext/231993977/startup_xc32.o (__libc_init_array)
c:/program files/microchip/xc32/v3.01/bin/bin/../../lib/gcc/pic32c/8.3.1/../../../../pic32c/lib/thumb/v7e-m+fp/hard\libc_nano.a(lib_a-malloc.o)
                              build/sam_e54_xpro_winc1500/production/_ext/1089847528/m2m_wifi.o (malloc)
c:/program files/microchip/xc32/v3.01/bin/bin/../../lib/gcc/pic32c/8.3.1/../../../../pic32c/lib/thumb/v7e-m+fp/hard\libc_nano.a(lib_a-memcpy-stub.o)
                              build/sam_e54_xpro_winc1500/production/_ext/1089847528/m2m_wifi.o (memcpy)
c:/program files/microchip/xc32/v3.01/bin/bin/../../lib/gcc/pic32c/8.3.1/../../../../pic32c/lib/thumb/v7e-m+fp/hard\libc_nano.a(lib_a-memset.o)
                              build/sam_e54_xpro_winc1500/production/_ext/1089847528/m2m_hif.o (memset)
c:/program files/microchip/xc32/v3.01/bin/bin/../../lib/gcc/pic32c/8.3.1/../../../../pic32c/lib/thumb/v7e-m+fp/hard\libc_nano.a(lib_a-mktime.o)
                              build/sam_e54_xpro_winc1500/production/_ext/810064134/wdrv_winc_systime.o (mktime)
c:/program files/microchip/xc32/v3.01/bin/bin/../../lib/gcc/pic32c/8.3.1/../../../../pic32c/lib/thumb/v7e-m+fp/hard\libc_nano.a(lib_a-nano-freer.o)
                              c:/program files/microchip/xc32/v3.01/bin/bin/../../lib/gcc/pic32c/8.3.1/../../../../pic32c/lib/thumb/v7e-m+fp/hard\libc_nano.a(lib_a-malloc.o) (_free_r)
c:/program files/microchip/xc32/v3.01/bin/bin/../../lib/gcc/pic32c/8.3.1/../../../../pic32c/lib/thumb/v7e-m+fp/hard\libc_nano.a(lib_a-nano-mallocr.o)
                              c:/program files/microchip/xc32/v3.01/bin/bin/../../lib/gcc/pic32c/8.3.1/../../../../pic32c/lib/thumb/v7e-m+fp/hard\libc_nano.a(lib_a-malloc.o) (_malloc_r)
c:/program files/microchip/xc32/v3.01/bin/bin/../../lib/gcc/pic32c/8.3.1/../../../../pic32c/lib/thumb/v7e-m+fp/hard\libc_nano.a(lib_a-sbrkr.o)
                              c:/program files/microchip/xc32/v3.01/bin/bin/../../lib/gcc/pic32c/8.3.1/../../../../pic32c/lib/thumb/v7e-m+fp/hard\libc_nano.a(lib_a-nano-mallocr.o) (_sbrk_r)
c:/program files/microchip/xc32/v3.01/bin/bin/../../lib/gcc/pic32c/8.3.1/../../../../pic32c/lib/thumb/v7e-m+fp/hard\libc_nano.a(lib_a-sprintf.o)
                              (sprintf)
c:/program files/microchip/xc32/v3.01/bin/bin/../../lib/gcc/pic32c/8.3.1/../../../../pic32c/lib/thumb/v7e-m+fp/hard\libc_nano.a(lib_a-strchr.o)
                              build/sam_e54_xpro_winc1500/production/_ext/810064134/wdrv_winc_authctx.o (strchr)
c:/program files/microchip/xc32/v3.01/bin/bin/../../lib/gcc/pic32c/8.3.1/../../../../pic32c/lib/thumb/v7e-m+fp/hard\libc_nano.a(lib_a-strlen.o)
[...]
Memory Configuration

Name             Origin             Length             Attributes
rom              0x00000000         0x00100000         xrl
ram              0x20000000         0x00040000         xw !r
tcm              0x03000000         0x00000000         xw
config_00804000  0x00804000         0x00000004
config_00804008  0x00804008         0x00000004
config_00804004  0x00804004         0x00000004
*default*        0x00000000         0xffffffff

Linker script and memory map

LOAD c:/program files/microchip/xc32/v3.01/bin/bin/../../lib/gcc/pic32c/8.3.1/thumb/v7e-m+fp/hard/crti.o
LOAD c:/program files/microchip/xc32/v3.01/bin/bin/../../lib/gcc/pic32c/8.3.1/thumb/v7e-m+fp/hard/crtbegin.o
LOAD build/sam_e54_xpro_winc1500/production/_ext/1159541321/bsp.o
LOAD build/sam_e54_xpro_winc1500/production/_ext/138683810/drv_spi.o
LOAD build/sam_e54_xpro_winc1500/production/_ext/1232460686/wdrv_winc_eint.o
LOAD build/sam_e54_xpro_winc1500/production/_ext/1232460686/wdrv_winc_gpio.o
LOAD build/sam_e54_xpro_winc1500/production/_ext/930086057/wdrv_winc_spi.o
LOAD build/sam_e54_xpro_winc1500/production/_ext/1121136421/nm_common.o
LOAD build/sam_e54_xpro_winc1500/production/_ext/1089847528/m2m_hif.o
LOAD build/sam_e54_xpro_winc1500/production/_ext/1089847528/m2m_periph.o
LOAD build/sam_e54_xpro_winc1500/production/_ext/1089847528/m2m_wifi.o
LOAD build/sam_e54_xpro_winc1500/production/_ext/1089847528/nmasic.o
LOAD build/sam_e54_xpro_winc1500/production/_ext/1089847528/nmbus.o
LOAD build/sam_e54_xpro_winc1500/production/_ext/1089847528/nmdrv.o
LOAD build/sam_e54_xpro_winc1500/production/_ext/1089847528/nmspi.o
LOAD build/sam_e54_xpro_winc1500/production/_ext/1089847528/m2m_ota.o
LOAD build/sam_e54_xpro_winc1500/production/_ext/1089847528/m2m_ssl.o
LOAD build/sam_e54_xpro_winc1500/production/_ext/663370141/socket.o
LOAD build/sam_e54_xpro_winc1500/production/_ext/663370141/inet_ntop.o
LOAD build/sam_e54_xpro_winc1500/production/_ext/663370141/inet_addr.o
LOAD build/sam_e54_xpro_winc1500/production/_ext/1114755757/spi_flash.o
LOAD build/sam_e54_xpro_winc1500/production/_ext/1114755757/flexible_flash.o
LOAD build/sam_e54_xpro_winc1500/production/_ext/550069128/wdrv_winc_osal.o
LOAD build/sam_e54_xpro_winc1500/production/_ext/810064134/wdrv_winc.o
LOAD build/sam_e54_xpro_winc1500/production/_ext/810064134/wdrv_winc_assoc.o
LOAD build/sam_e54_xpro_winc1500/production/_ext/810064134/wdrv_winc_authctx.o
LOAD build/sam_e54_xpro_winc1500/production/_ext/810064134/wdrv_winc_bssctx.o
LOAD build/sam_e54_xpro_winc1500/production/_ext/810064134/wdrv_winc_bssfind.o
LOAD build/sam_e54_xpro_winc1500/production/_ext/810064134/wdrv_winc_custie.o
LOAD build/sam_e54_xpro_winc1500/production/_ext/810064134/wdrv_winc_host_file.o
LOAD build/sam_e54_xpro_winc1500/production/_ext/810064134/wdrv_winc_httpprovctx.o
LOAD build/sam_e54_xpro_winc1500/production/_ext/810064134/wdrv_winc_nvm.o
LOAD build/sam_e54_xpro_winc1500/production/_ext/810064134/wdrv_winc_powersave.o
LOAD build/sam_e54_xpro_winc1500/production/_ext/810064134/wdrv_winc_socket.o
LOAD build/sam_e54_xpro_winc1500/production/_ext/810064134/wdrv_winc_softap.o
LOAD build/sam_e54_xpro_winc1500/production/_ext/810064134/wdrv_winc_ssl.o
LOAD build/sam_e54_xpro_winc1500/production/_ext/810064134/wdrv_winc_sta.o
LOAD build/sam_e54_xpro_winc1500/production/_ext/810064134/wdrv_winc_systime.o
LOAD build/sam_e54_xpro_winc1500/production/_ext/810064134/wdrv_winc_wps.o
LOAD build/sam_e54_xpro_winc1500/production/_ext/583946941/plib_clock.o
LOAD build/sam_e54_xpro_winc1500/production/_ext/1643731573/plib_cmcc.o
LOAD build/sam_e54_xpro_winc1500/production/_ext/1643761302/plib_dmac.o
LOAD build/sam_e54_xpro_winc1500/production/_ext/2025184588/plib_eic.o
LOAD build/sam_e54_xpro_winc1500/production/_ext/581797455/plib_evsys.o
LOAD build/sam_e54_xpro_winc1500/production/_ext/1644068109/plib_nvic.o
LOAD build/sam_e54_xpro_winc1500/production/_ext/1370199163/plib_nvmctrl.o
LOAD build/sam_e54_xpro_winc1500/production/_ext/1644121260/plib_port.o
LOAD build/sam_e54_xpro_winc1500/production/_ext/1854354360/plib_sercom4_spi_master.o
LOAD build/sam_e54_xpro_winc1500/production/_ext/923560386/plib_sercom2_usart.o
LOAD build/sam_e54_xpro_winc1500/production/_ext/1320145242/plib_tc3.o
LOAD build/sam_e54_xpro_winc1500/production/_ext/1906958335/xc32_monitor.o
LOAD build/sam_e54_xpro_winc1500/production/_ext/1221796054/sys_cache.o
LOAD build/sam_e54_xpro_winc1500/production/_ext/501133612/sys_console.o
LOAD build/sam_e54_xpro_winc1500/production/_ext/501133612/sys_console_uart.o
LOAD build/sam_e54_xpro_winc1500/production/_ext/1623561264/sys_debug.o
LOAD build/sam_e54_xpro_winc1500/production/_ext/895123808/sys_dma.o
LOAD build/sam_e54_xpro_winc1500/production/_ext/203683476/sys_int.o
LOAD build/sam_e54_xpro_winc1500/production/_ext/323285254/sys_time.o
LOAD build/sam_e54_xpro_winc1500/production/_ext/231993977/initialization.o
LOAD build/sam_e54_xpro_winc1500/production/_ext/231993977/interrupts.o
LOAD build/sam_e54_xpro_winc1500/production/_ext/231993977/exceptions.o
LOAD build/sam_e54_xpro_winc1500/production/_ext/231993977/startup_xc32.o
LOAD build/sam_e54_xpro_winc1500/production/_ext/231993977/libc_syscalls.o
LOAD build/sam_e54_xpro_winc1500/production/_ext/231993977/tasks.o
LOAD build/sam_e54_xpro_winc1500/production/_ext/1360937237/example.o
LOAD build/sam_e54_xpro_winc1500/production/_ext/1360937237/main.o
LOAD build/sam_e54_xpro_winc1500/production/_ext/1360937237/app.o
                0x00000001                __MPLAB_BUILD = 0x1
                0x00100000                __rom_end = (ORIGIN (rom) + LENGTH (rom))
                0x20040000                __ram_end = (ORIGIN (ram) + LENGTH (ram))

.config_00804000
                0x00804000        0x4
 *(.config_00804000)
 .config_00804000
                0x00804000        0x4 build/sam_e54_xpro_winc1500/production/_ext/231993977/initialization.o
                0x00804000                __config_00804000

.config_00804008
                0x00804008        0x4
 *(.config_00804008)
 .config_00804008
                0x00804008        0x4 build/sam_e54_xpro_winc1500/production/_ext/231993977/initialization.o
                0x00804008                __config_00804008

.config_00804004
                0x00804004        0x4
 *(.config_00804004)
 .config_00804004
                0x00804004        0x4 build/sam_e54_xpro_winc1500/production/_ext/231993977/initialization.o
                0x00804004                __config_00804004

.vectors        0x00000000      0x264
                0x00000000                . = ALIGN (0x4)
                0x00000000                _sfixed = .
 *(.vectors .vectors.* .vectors_default .vectors_default.*)
 .vectors       0x00000000      0x264 build/sam_e54_xpro_winc1500/production/_ext/231993977/interrupts.o
                0x00000000                exception_table
 *(.isr_vector)
 *(.reset*)
 *(.after_vectors)

.text           0x00000264       0x20
                0x00000264                . = ALIGN (0x4)
 *(.glue_7t)
 .glue_7t       0x00000264        0x0 linker stubs
 *(.glue_7)
 .glue_7        0x00000264        0x0 linker stubs
 *(.gnu.linkonce.r.*)
 *(.ARM.extab* .gnu.linkonce.armextab.*)
                0x00000264                . = ALIGN (0x4)
 *(.init)
 .init          0x00000264        0x4 c:/program files/microchip/xc32/v3.01/bin/bin/../../lib/gcc/pic32c/8.3.1/thumb/v7e-m+fp/hard/crti.o
                0x00000264                _init
 .init          0x00000268        0x8 c:/program files/microchip/xc32/v3.01/bin/bin/../../lib/gcc/pic32c/8.3.1/thumb/v7e-m+fp/hard/crtn.o
                0x00000270                . = ALIGN (0x4)
                0x00000270                __preinit_array_start = .
 *(.preinit_array)
                0x00000270                __preinit_array_end = .
                0x00000270                . = ALIGN (0x4)
                0x00000270                __init_array_start = .
 *(SORT_BY_NAME(.init_array.*))
 *(.init_array)
 .init_array    0x00000270        0x4 c:/program files/microchip/xc32/v3.01/bin/bin/../../lib/gcc/pic32c/8.3.1/thumb/v7e-m+fp/hard/crtbegin.o
                0x00000274                __init_array_end = .
                0x00000274                . = ALIGN (0x4)
 *crtbegin.o(.ctors)
 *(EXCLUDE_FILE(*crtend.o) .ctors)
 *(SORT_BY_NAME(.ctors.*))
 *crtend.o(.ctors)
                0x00000274                . = ALIGN (0x4)
 *(.fini)
 .fini          0x00000274        0x4 c:/program files/microchip/xc32/v3.01/bin/bin/../../lib/gcc/pic32c/8.3.1/thumb/v7e-m+fp/hard/crti.o
                0x00000274                _fini
 .fini          0x00000278        0x8 c:/program files/microchip/xc32/v3.01/bin/bin/../../lib/gcc/pic32c/8.3.1/thumb/v7e-m+fp/hard/crtn.o
                0x00000280                . = ALIGN (0x4)
                0x00000280                __fini_array_start = .
 *(.fini_array)
 .fini_array    0x00000280        0x4 c:/program files/microchip/xc32/v3.01/bin/bin/../../lib/gcc/pic32c/8.3.1/thumb/v7e-m+fp/hard/crtbegin.o
 *(SORT_BY_NAME(.fini_array.*))
                0x00000284                __fini_array_end = .
 *crtbegin.o(.dtors)
 *(EXCLUDE_FILE(*crtend.o) .dtors)
 *(SORT_BY_NAME(.dtors.*))
 *crtend.o(.dtors)
                0x00000284                . = ALIGN (0x4)
                0x00000284                _efixed = .
                [!provide]                PROVIDE (__exidx_start = .)

.ARM.exidx      0x00000284        0x8
 *(.ARM.exidx* .gnu.linkonce.armexidx.*)
 .ARM.exidx     0x00000284        0x8 c:/program files/microchip/xc32/v3.01/bin/bin/../../lib/gcc/pic32c/8.3.1/thumb/v7e-m+fp/hard\libgcc.a(_udivmoddi4.o)
                [!provide]                PROVIDE (__exidx_end = .)
                0x0000028c                . = ALIGN (0x4)
                0x0000028c                _etext = .

.bss            0x20000000        0x4
                0x20000000                . = ALIGN (0x4)
                0x20000000                __bss_start__ = .
                0x20000000                _sbss = .
                0x20000000                _szero = .
 *(COMMON)
 COMMON         0x20000000        0x4 c:/program files/microchip/xc32/v3.01/bin/bin/../../lib/gcc/pic32c/8.3.1/../../../../pic32c/lib/thumb/v7e-m+fp/hard\libc_nano.a(lib_a-reent.o)
                0x20000000                errno
                0x20000004                . = ALIGN (0x4)
                0x20000004                __bss_end__ = .
                0x20000004                _ebss = .
                0x20000004                _ezero = .
                0x20000004                . = ALIGN (0x4)
                0x20000004                _end = .
                0x2003ffff                _ram_end_ = ((ORIGIN (ram) + LENGTH (ram)) - 0x1)
                0x00002710                _min_heap_size = 0x2710
START GROUP
LOAD c:/program files/microchip/xc32/v3.01/bin/bin/../../lib/gcc/pic32c/8.3.1/../../../../pic32c/lib/thumb/v7e-m+fp/hard\libpic32c.a
LOAD c:/program files/microchip/xc32/v3.01/bin/bin/../../lib/gcc/pic32c/8.3.1/thumb/v7e-m+fp/hard\libgcc.a
LOAD c:/program files/microchip/xc32/v3.01/bin/bin/../../lib/gcc/pic32c/8.3.1/../../../../pic32c/lib/thumb/v7e-m+fp/hard\libm_nano.a
LOAD c:/program files/microchip/xc32/v3.01/bin/bin/../../lib/gcc/pic32c/8.3.1/../../../../pic32c/lib/thumb/v7e-m+fp/hard\libc_nano.a
END GROUP
LOAD c:/program files/microchip/xc32/v3.01/bin/bin/../../lib/gcc/pic32c/8.3.1/thumb/v7e-m+fp/hard/crtend.o
LOAD c:/program files/microchip/xc32/v3.01/bin/bin/../../lib/gcc/pic32c/8.3.1/thumb/v7e-m+fp/hard/crtn.o
OUTPUT(dist/sam_e54_xpro_winc1500/production/yellowibird_e54_xpro.X.production.elf elf32-littlearm)
LOAD stack
LOAD data_init

.ARM.attributes
                0x00000000       0x30
 .ARM.attributes
                0x00000000       0x1e c:/program files/microchip/xc32/v3.01/bin/bin/../../lib/gcc/pic32c/8.3.1/thumb/v7e-m+fp/hard/crti.o
 .ARM.attributes
                0x0000001e       0x34 c:/program files/microchip/xc32/v3.01/bin/bin/../../lib/gcc/pic32c/8.3.1/thumb/v7e-m+fp/hard/crtbegin.o
 .ARM.attributes
                0x00000052       0x34 build/sam_e54_xpro_winc1500/production/_ext/1159541321/bsp.o
 .ARM.attributes
                0x00000086       0x34 build/sam_e54_xpro_winc1500/production/_ext/138683810/drv_spi.o
 .ARM.attributes
                0x000000ba       0x34 build/sam_e54_xpro_winc1500/production/_ext/1232460686/wdrv_winc_eint.o
 .ARM.attributes
                0x000000ee       0x34 build/sam_e54_xpro_winc1500/production/_ext/1232460686/wdrv_winc_gpio.o
 .ARM.attributes
                0x00000122       0x34 build/sam_e54_xpro_winc1500/production/_ext/930086057/wdrv_winc_spi.o
 .ARM.attributes
                0x00000156       0x34 build/sam_e54_xpro_winc1500/production/_ext/1121136421/nm_common.o
 .ARM.attributes
                0x0000018a       0x34 build/sam_e54_xpro_winc1500/production/_ext/1089847528/m2m_hif.o
 .ARM.attributes
                0x000001be       0x34 build/sam_e54_xpro_winc1500/production/_ext/1089847528/m2m_wifi.o
 .ARM.attributes
                0x000001f2       0x34 build/sam_e54_xpro_winc1500/production/_ext/1089847528/nmasic.o
 .ARM.attributes
                0x00000226       0x34 build/sam_e54_xpro_winc1500/production/_ext/1089847528/nmbus.o
 .ARM.attributes
                0x0000025a       0x34 build/sam_e54_xpro_winc1500/production/_ext/1089847528/nmdrv.o
 .ARM.attributes
                0x0000028e       0x34 build/sam_e54_xpro_winc1500/production/_ext/1089847528/nmspi.o
 .ARM.attributes
                0x000002c2       0x34 build/sam_e54_xpro_winc1500/production/_ext/1089847528/m2m_ota.o
 .ARM.attributes
                0x000002f6       0x34 build/sam_e54_xpro_winc1500/production/_ext/1089847528/m2m_ssl.o
 .ARM.attributes
                0x0000032a       0x34 build/sam_e54_xpro_winc1500/production/_ext/663370141/socket.o
 .ARM.attributes
                0x0000035e       0x34 build/sam_e54_xpro_winc1500/production/_ext/663370141/inet_ntop.o
 .ARM.attributes
                0x00000392       0x34 build/sam_e54_xpro_winc1500/production/_ext/663370141/inet_addr.o
 .ARM.attributes
                0x000003c6       0x34 build/sam_e54_xpro_winc1500/production/_ext/1114755757/spi_flash.o
 .ARM.attributes
                0x000003fa       0x34 build/sam_e54_xpro_winc1500/production/_ext/1114755757/flexible_flash.o
 .ARM.attributes
                0x0000042e       0x34 build/sam_e54_xpro_winc1500/production/_ext/550069128/wdrv_winc_osal.o
 .ARM.attributes
                0x00000462       0x34 build/sam_e54_xpro_winc1500/production/_ext/810064134/wdrv_winc.o
 .ARM.attributes
                0x00000496       0x34 build/sam_e54_xpro_winc1500/production/_ext/810064134/wdrv_winc_authctx.o
 .ARM.attributes
                0x000004ca       0x34 build/sam_e54_xpro_winc1500/production/_ext/810064134/wdrv_winc_bssctx.o
 .ARM.attributes
                0x000004fe       0x34 build/sam_e54_xpro_winc1500/production/_ext/810064134/wdrv_winc_host_file.o
 .ARM.attributes
                0x00000532       0x34 build/sam_e54_xpro_winc1500/production/_ext/810064134/wdrv_winc_socket.o
 .ARM.attributes
                0x00000566       0x34 build/sam_e54_xpro_winc1500/production/_ext/810064134/wdrv_winc_sta.o
 .ARM.attributes
                0x0000059a       0x34 build/sam_e54_xpro_winc1500/production/_ext/810064134/wdrv_winc_systime.o
 .ARM.attributes
                0x000005ce       0x34 build/sam_e54_xpro_winc1500/production/_ext/583946941/plib_clock.o
 .ARM.attributes
                0x00000602       0x34 build/sam_e54_xpro_winc1500/production/_ext/1643761302/plib_dmac.o
 .ARM.attributes
                0x00000636       0x34 build/sam_e54_xpro_winc1500/production/_ext/2025184588/plib_eic.o
 .ARM.attributes
                0x0000066a       0x34 build/sam_e54_xpro_winc1500/production/_ext/581797455/plib_evsys.o
 .ARM.attributes
                0x0000069e       0x34 build/sam_e54_xpro_winc1500/production/_ext/1644068109/plib_nvic.o
 .ARM.attributes
                0x000006d2       0x34 build/sam_e54_xpro_winc1500/production/_ext/1370199163/plib_nvmctrl.o
 .ARM.attributes
                0x00000706       0x34 build/sam_e54_xpro_winc1500/production/_ext/1644121260/plib_port.o
 .ARM.attributes
                0x0000073a       0x34 build/sam_e54_xpro_winc1500/production/_ext/1854354360/plib_sercom4_spi_master.o
 .ARM.attributes
                0x0000076e       0x34 build/sam_e54_xpro_winc1500/production/_ext/923560386/plib_sercom2_usart.o
 .ARM.attributes
                0x000007a2       0x34 build/sam_e54_xpro_winc1500/production/_ext/1320145242/plib_tc3.o
 .ARM.attributes
                0x000007d6       0x34 build/sam_e54_xpro_winc1500/production/_ext/501133612/sys_console.o
 .ARM.attributes
                0x0000080a       0x34 build/sam_e54_xpro_winc1500/production/_ext/501133612/sys_console_uart.o
 .ARM.attributes
                0x0000083e       0x34 build/sam_e54_xpro_winc1500/production/_ext/1623561264/sys_debug.o
 .ARM.attributes
                0x00000872       0x34 build/sam_e54_xpro_winc1500/production/_ext/895123808/sys_dma.o
 .ARM.attributes
                0x000008a6       0x34 build/sam_e54_xpro_winc1500/production/_ext/203683476/sys_int.o
 .ARM.attributes
                0x000008da       0x34 build/sam_e54_xpro_winc1500/production/_ext/323285254/sys_time.o
 .ARM.attributes
                0x0000090e       0x34 build/sam_e54_xpro_winc1500/production/_ext/231993977/initialization.o
 .ARM.attributes
                0x00000942       0x34 build/sam_e54_xpro_winc1500/production/_ext/231993977/interrupts.o
 .ARM.attributes
                0x00000976       0x34 build/sam_e54_xpro_winc1500/production/_ext/231993977/exceptions.o
 .ARM.attributes
                0x000009aa       0x34 build/sam_e54_xpro_winc1500/production/_ext/231993977/startup_xc32.o
 .ARM.attributes
                0x000009de       0x34 build/sam_e54_xpro_winc1500/production/_ext/231993977/tasks.o
 .ARM.attributes
                0x00000a12       0x34 build/sam_e54_xpro_winc1500/production/_ext/1360937237/example.o
 .ARM.attributes
                0x00000a46       0x34 build/sam_e54_xpro_winc1500/production/_ext/1360937237/main.o
 .ARM.attributes
                0x00000a7a       0x34 build/sam_e54_xpro_winc1500/production/_ext/1360937237/app.o
 .ARM.attributes
                0x00000aae       0x34 c:/program files/microchip/xc32/v3.01/bin/bin/../../lib/gcc/pic32c/8.3.1/../../../../pic32c/lib/thumb/v7e-m+fp/hard\libpic32c.a(data_init.o)
 .ARM.attributes
                0x00000ae2       0x1e c:/program files/microchip/xc32/v3.01/bin/bin/../../lib/gcc/pic32c/8.3.1/thumb/v7e-m+fp/hard\libgcc.a(_aeabi_uldivmod.o)
 .ARM.attributes
                0x00000b00       0x34 c:/program files/microchip/xc32/v3.01/bin/bin/../../lib/gcc/pic32c/8.3.1/thumb/v7e-m+fp/hard\libgcc.a(_udivmoddi4.o)
 .ARM.attributes
                0x00000b34       0x1e c:/program files/microchip/xc32/v3.01/bin/bin/../../lib/gcc/pic32c/8.3.1/thumb/v7e-m+fp/hard\libgcc.a(_dvmd_tls.o)
 .ARM.attributes
                0x00000b52       0x32 c:/program files/microchip/xc32/v3.01/bin/bin/../../lib/gcc/pic32c/8.3.1/../../../../pic32c/lib/thumb/v7e-m+fp/hard\libc_nano.a(lib_a-impure.o)
 .ARM.attributes
                0x00000b84       0x34 c:/program files/microchip/xc32/v3.01/bin/bin/../../lib/gcc/pic32c/8.3.1/../../../../pic32c/lib/thumb/v7e-m+fp/hard\libc_nano.a(lib_a-init.o)
 .ARM.attributes
                0x00000bb8       0x34 c:/program files/microchip/xc32/v3.01/bin/bin/../../lib/gcc/pic32c/8.3.1/../../../../pic32c/lib/thumb/v7e-m+fp/hard\libc_nano.a(lib_a-malloc.o)
 .ARM.attributes
                0x00000bec       0x34 c:/program files/microchip/xc32/v3.01/bin/bin/../../lib/gcc/pic32c/8.3.1/../../../../pic32c/lib/thumb/v7e-m+fp/hard\libc_nano.a(lib_a-memcpy-stub.o)
 .ARM.attributes
                0x00000c20       0x34 c:/program files/microchip/xc32/v3.01/bin/bin/../../lib/gcc/pic32c/8.3.1/../../../../pic32c/lib/thumb/v7e-m+fp/hard\libc_nano.a(lib_a-memset.o)
 .ARM.attributes
                0x00000c54       0x34 c:/program files/microchip/xc32/v3.01/bin/bin/../../lib/gcc/pic32c/8.3.1/../../../../pic32c/lib/thumb/v7e-m+fp/hard\libc_nano.a(lib_a-mktime.o)
 .ARM.attributes
                0x00000c88       0x34 c:/program files/microchip/xc32/v3.01/bin/bin/../../lib/gcc/pic32c/8.3.1/../../../../pic32c/lib/thumb/v7e-m+fp/hard\libc_nano.a(lib_a-nano-freer.o)
 .ARM.attributes
                0x00000cbc       0x34 c:/program files/microchip/xc32/v3.01/bin/bin/../../lib/gcc/pic32c/8.3.1/../../../../pic32c/lib/thumb/v7e-m+fp/hard\libc_nano.a(lib_a-nano-mallocr.o)
 .ARM.attributes
                0x00000cf0       0x34 c:/program files/microchip/xc32/v3.01/bin/bin/../../lib/gcc/pic32c/8.3.1/../../../../pic32c/lib/thumb/v7e-m+fp/hard\libc_nano.a(lib_a-sbrkr.o)
 .ARM.attributes
                0x00000d24       0x34 c:/program files/microchip/xc32/v3.01/bin/bin/../../lib/gcc/pic32c/8.3.1/../../../../pic32c/lib/thumb/v7e-m+fp/hard\libc_nano.a(lib_a-strchr.o)
 .ARM.attributes
                0x00000d58       0x17 c:/program files/microchip/xc32/v3.01/bin/bin/../../lib/gcc/pic32c/8.3.1/../../../../pic32c/lib/thumb/v7e-m+fp/hard\libc_nano.a(lib_a-strlen.o)
 .ARM.attributes
                0x00000d6f       0x34 c:/program files/microchip/xc32/v3.01/bin/bin/../../lib/gcc/pic32c/8.3.1/../../../../pic32c/lib/thumb/v7e-m+fp/hard\libc_nano.a(lib_a-tzcalc_limits.o)
 .ARM.attributes
                0x00000da3       0x34 c:/program files/microchip/xc32/v3.01/bin/bin/../../lib/gcc/pic32c/8.3.1/../../../../pic32c/lib/thumb/v7e-m+fp/hard\libc_nano.a(lib_a-tzset.o)
 .ARM.attributes
                0x00000dd7       0x34 c:/program files/microchip/xc32/v3.01/bin/bin/../../lib/gcc/pic32c/8.3.1/../../../../pic32c/lib/thumb/v7e-m+fp/hard\libc_nano.a(lib_a-tzset_r.o)
 .ARM.attributes
                0x00000e0b       0x32 c:/program files/microchip/xc32/v3.01/bin/bin/../../lib/gcc/pic32c/8.3.1/../../../../pic32c/lib/thumb/v7e-m+fp/hard\libc_nano.a(lib_a-tzvars.o)
 .ARM.attributes
                0x00000e3d       0x34 c:/program files/microchip/xc32/v3.01/bin/bin/../../lib/gcc/pic32c/8.3.1/../../../../pic32c/lib/thumb/v7e-m+fp/hard\libc_nano.a(lib_a-vsnprintf.o)
 .ARM.attributes
                0x00000e71       0x34 c:/program files/microchip/xc32/v3.01/bin/bin/../../lib/gcc/pic32c/8.3.1/../../../../pic32c/lib/thumb/v7e-m+fp/hard\libc_nano.a(lib_a-div.o)
 .ARM.attributes
                0x00000ea5       0x34 c:/program files/microchip/xc32/v3.01/bin/bin/../../lib/gcc/pic32c/8.3.1/../../../../pic32c/lib/thumb/v7e-m+fp/hard\libc_nano.a(lib_a-getenv_r.o)
 .ARM.attributes
                0x00000ed9       0x34 c:/program files/microchip/xc32/v3.01/bin/bin/../../lib/gcc/pic32c/8.3.1/../../../../pic32c/lib/thumb/v7e-m+fp/hard\libc_nano.a(lib_a-gettzinfo.o)
 .ARM.attributes
                0x00000f0d       0x34 c:/program files/microchip/xc32/v3.01/bin/bin/../../lib/gcc/pic32c/8.3.1/../../../../pic32c/lib/thumb/v7e-m+fp/hard\libc_nano.a(lib_a-mlock.o)
 .ARM.attributes
                0x00000f41       0x32 c:/program files/microchip/xc32/v3.01/bin/bin/../../lib/gcc/pic32c/8.3.1/../../../../pic32c/lib/thumb/v7e-m+fp/hard\libc_nano.a(lib_a-month_lengths.o)
 .ARM.attributes
                0x00000f73       0x34 c:/program files/microchip/xc32/v3.01/bin/bin/../../lib/gcc/pic32c/8.3.1/../../../../pic32c/lib/thumb/v7e-m+fp/hard\libc_nano.a(lib_a-nano-svfprintf.o)
 .ARM.attributes
                0x00000fa7       0x34 c:/program files/microchip/xc32/v3.01/bin/bin/../../lib/gcc/pic32c/8.3.1/../../../../pic32c/lib/thumb/v7e-m+fp/hard\libc_nano.a(lib_a-nano-vfprintf_float.o)
 .ARM.attributes
                0x00000fdb       0x34 c:/program files/microchip/xc32/v3.01/bin/bin/../../lib/gcc/pic32c/8.3.1/../../../../pic32c/lib/thumb/v7e-m+fp/hard\libc_nano.a(lib_a-nano-vfprintf_i.o)
 .ARM.attributes
                0x0000100f       0x34 c:/program files/microchip/xc32/v3.01/bin/bin/../../lib/gcc/pic32c/8.3.1/../../../../pic32c/lib/thumb/v7e-m+fp/hard\libc_nano.a(lib_a-reent.o)
 .ARM.attributes
                0x00001043       0x34 c:/program files/microchip/xc32/v3.01/bin/bin/../../lib/gcc/pic32c/8.3.1/../../../../pic32c/lib/thumb/v7e-m+fp/hard\libc_nano.a(lib_a-sscanf.o)
 .ARM.attributes
                0x00001077       0x34 c:/program files/microchip/xc32/v3.01/bin/bin/../../lib/gcc/pic32c/8.3.1/../../../../pic32c/lib/thumb/v7e-m+fp/hard\libc_nano.a(lib_a-stdio.o)
 .ARM.attributes
                0x000010ab       0x1c c:/program files/microchip/xc32/v3.01/bin/bin/../../lib/gcc/pic32c/8.3.1/../../../../pic32c/lib/thumb/v7e-m+fp/hard\libc_nano.a(lib_a-strcmp.o)
 .ARM.attributes
                0x000010c7       0x34 c:/program files/microchip/xc32/v3.01/bin/bin/../../lib/gcc/pic32c/8.3.1/../../../../pic32c/lib/thumb/v7e-m+fp/hard\libc_nano.a(lib_a-strcpy.o)
 .ARM.attributes
                0x000010fb       0x34 c:/program files/microchip/xc32/v3.01/bin/bin/../../lib/gcc/pic32c/8.3.1/../../../../pic32c/lib/thumb/v7e-m+fp/hard\libc_nano.a(lib_a-strncmp.o)
 .ARM.attributes
                0x0000112f       0x34 c:/program files/microchip/xc32/v3.01/bin/bin/../../lib/gcc/pic32c/8.3.1/../../../../pic32c/lib/thumb/v7e-m+fp/hard\libc_nano.a(lib_a-strtoul.o)
 .ARM.attributes
                0x00001163       0x34 c:/program files/microchip/xc32/v3.01/bin/bin/../../lib/gcc/pic32c/8.3.1/../../../../pic32c/lib/thumb/v7e-m+fp/hard\libc_nano.a(lib_a-__ssputs.o)
 .ARM.attributes
                0x00001197       0x32 c:/program files/microchip/xc32/v3.01/bin/bin/../../lib/gcc/pic32c/8.3.1/../../../../pic32c/lib/thumb/v7e-m+fp/hard\libc_nano.a(lib_a-ctype_.o)
 .ARM.attributes
                0x000011c9       0x34 c:/program files/microchip/xc32/v3.01/bin/bin/../../lib/gcc/pic32c/8.3.1/../../../../pic32c/lib/thumb/v7e-m+fp/hard\libc_nano.a(lib_a-dtoa.o)
 .ARM.attributes
                0x000011fd       0x32 c:/program files/microchip/xc32/v3.01/bin/bin/../../lib/gcc/pic32c/8.3.1/../../../../pic32c/lib/thumb/v7e-m+fp/hard\libc_nano.a(lib_a-environ.o)
 .ARM.attributes
                0x0000122f       0x34 c:/program files/microchip/xc32/v3.01/bin/bin/../../lib/gcc/pic32c/8.3.1/../../../../pic32c/lib/thumb/v7e-m+fp/hard\libc_nano.a(lib_a-envlock.o)
 .ARM.attributes
                0x00001263       0x34 c:/program files/microchip/xc32/v3.01/bin/bin/../../lib/gcc/pic32c/8.3.1/../../../../pic32c/lib/thumb/v7e-m+fp/hard\libc_nano.a(lib_a-localeconv.o)
 .ARM.attributes
                0x00001297       0x1c c:/program files/microchip/xc32/v3.01/bin/bin/../../lib/gcc/pic32c/8.3.1/../../../../pic32c/lib/thumb/v7e-m+fp/hard\libc_nano.a(lib_a-memchr.o)
 .ARM.attributes
                0x000012b3       0x34 c:/program files/microchip/xc32/v3.01/bin/bin/../../lib/gcc/pic32c/8.3.1/../../../../pic32c/lib/thumb/v7e-m+fp/hard\libc_nano.a(lib_a-memmove.o)
 .ARM.attributes
                0x000012e7       0x34 c:/program files/microchip/xc32/v3.01/bin/bin/../../lib/gcc/pic32c/8.3.1/../../../../pic32c/lib/thumb/v7e-m+fp/hard\libc_nano.a(lib_a-mprec.o)
 .ARM.attributes
                0x0000131b       0x34 c:/program files/microchip/xc32/v3.01/bin/bin/../../lib/gcc/pic32c/8.3.1/../../../../pic32c/lib/thumb/v7e-m+fp/hard\libc_nano.a(lib_a-nano-callocr.o)
 .ARM.attributes
                0x0000134f       0x34 c:/program files/microchip/xc32/v3.01/bin/bin/../../lib/gcc/pic32c/8.3.1/../../../../pic32c/lib/thumb/v7e-m+fp/hard\libc_nano.a(lib_a-nano-reallocr.o)
 .ARM.attributes
                0x00001383       0x34 c:/program files/microchip/xc32/v3.01/bin/bin/../../lib/gcc/pic32c/8.3.1/../../../../pic32c/lib/thumb/v7e-m+fp/hard\libc_nano.a(lib_a-nano-svfscanf.o)
 .ARM.attributes
                0x000013b7       0x34 c:/program files/microchip/xc32/v3.01/bin/bin/../../lib/gcc/pic32c/8.3.1/../../../../pic32c/lib/thumb/v7e-m+fp/hard\libc_nano.a(lib_a-nano-vfscanf_i.o)
 .ARM.attributes
                0x000013eb       0x34 c:/program files/microchip/xc32/v3.01/bin/bin/../../lib/gcc/pic32c/8.3.1/../../../../pic32c/lib/thumb/v7e-m+fp/hard\libc_nano.a(lib_a-sccl.o)
 .ARM.attributes
                0x0000141f       0x34 c:/program files/microchip/xc32/v3.01/bin/bin/../../lib/gcc/pic32c/8.3.1/../../../../pic32c/lib/thumb/v7e-m+fp/hard\libc_nano.a(lib_a-strtol.o)
 .ARM.attributes
                0x00001453       0x34 c:/program files/microchip/xc32/v3.01/bin/bin/../../lib/gcc/pic32c/8.3.1/../../../../pic32c/lib/thumb/v7e-m+fp/hard\libc_nano.a(lib_a-ungetc.o)
 .ARM.attributes
                0x00001487       0x34 c:/program files/microchip/xc32/v3.01/bin/bin/../../lib/gcc/pic32c/8.3.1/../../../../pic32c/lib/thumb/v7e-m+fp/hard\libc_nano.a(lib_a-findfp.o)
 .ARM.attributes
                0x000014bb       0x34 c:/program files/microchip/xc32/v3.01/bin/bin/../../lib/gcc/pic32c/8.3.1/../../../../pic32c/lib/thumb/v7e-m+fp/hard\libc_nano.a(lib_a-locale.o)
 .ARM.attributes
                0x000014ef       0x34 c:/program files/microchip/xc32/v3.01/bin/bin/../../lib/gcc/pic32c/8.3.1/../../../../pic32c/lib/thumb/v7e-m+fp/hard\libc_nano.a(lib_a-mbtowc_r.o)
 .ARM.attributes
                0x00001523       0x34 c:/program files/microchip/xc32/v3.01/bin/bin/../../lib/gcc/pic32c/8.3.1/../../../../pic32c/lib/thumb/v7e-m+fp/hard\libc_nano.a(lib_a-nano-msizer.o)
 .ARM.attributes
                0x00001557       0x34 c:/program files/microchip/xc32/v3.01/bin/bin/../../lib/gcc/pic32c/8.3.1/../../../../pic32c/lib/thumb/v7e-m+fp/hard\libc_nano.a(lib_a-wctomb_r.o)
 .ARM.attributes
                0x0000158b       0x34 c:/program files/microchip/xc32/v3.01/bin/bin/../../lib/gcc/pic32c/8.3.1/../../../../pic32c/lib/thumb/v7e-m+fp/hard\libpic32c.a(sbrk.o)
 .ARM.attributes
                0x000015bf       0x1e c:/program files/microchip/xc32/v3.01/bin/bin/../../lib/gcc/pic32c/8.3.1/thumb/v7e-m+fp/hard\libgcc.a(_arm_addsubdf3.o)
 .ARM.attributes
                0x000015dd       0x1e c:/program files/microchip/xc32/v3.01/bin/bin/../../lib/gcc/pic32c/8.3.1/thumb/v7e-m+fp/hard\libgcc.a(_arm_muldivdf3.o)
 .ARM.attributes
                0x000015fb       0x1e c:/program files/microchip/xc32/v3.01/bin/bin/../../lib/gcc/pic32c/8.3.1/thumb/v7e-m+fp/hard\libgcc.a(_arm_cmpdf2.o)
 .ARM.attributes
                0x00001619       0x1e c:/program files/microchip/xc32/v3.01/bin/bin/../../lib/gcc/pic32c/8.3.1/thumb/v7e-m+fp/hard\libgcc.a(_arm_unorddf2.o)
 .ARM.attributes
                0x00001637       0x1e c:/program files/microchip/xc32/v3.01/bin/bin/../../lib/gcc/pic32c/8.3.1/thumb/v7e-m+fp/hard\libgcc.a(_arm_fixdfsi.o)
 .ARM.attributes
                0x00001655       0x1e c:/program files/microchip/xc32/v3.01/bin/bin/../../lib/gcc/pic32c/8.3.1/thumb/v7e-m+fp/hard/crtn.o

.comment        0x00000000       0x53
 .comment       0x00000000       0x53 c:/program files/microchip/xc32/v3.01/bin/bin/../../lib/gcc/pic32c/8.3.1/thumb/v7e-m+fp/hard/crtbegin.o
                                 0x54 (size before relaxing)
 .comment       0x00000053       0x54 build/sam_e54_xpro_winc1500/production/_ext/1159541321/bsp.o
 .comment       0x00000053       0x54 build/sam_e54_xpro_winc1500/production/_ext/138683810/drv_spi.o
 .comment       0x00000053       0x54 build/sam_e54_xpro_winc1500/production/_ext/1232460686/wdrv_winc_eint.o
 .comment       0x00000053       0x54 build/sam_e54_xpro_winc1500/production/_ext/1232460686/wdrv_winc_gpio.o
 .comment       0x00000053       0x54 build/sam_e54_xpro_winc1500/production/_ext/930086057/wdrv_winc_spi.o
 .comment       0x00000053       0x54 build/sam_e54_xpro_winc1500/production/_ext/1121136421/nm_common.o
 .comment       0x00000053       0x54 build/sam_e54_xpro_winc1500/production/_ext/1089847528/m2m_hif.o
 .comment       0x00000053       0x54 build/sam_e54_xpro_winc1500/production/_ext/1089847528/m2m_wifi.o
 .comment       0x00000053       0x54 build/sam_e54_xpro_winc1500/production/_ext/1089847528/nmasic.o
 .comment       0x00000053       0x54 build/sam_e54_xpro_winc1500/production/_ext/1089847528/nmbus.o
 .comment       0x00000053       0x54 build/sam_e54_xpro_winc1500/production/_ext/1089847528/nmdrv.o
 .comment       0x00000053       0x54 build/sam_e54_xpro_winc1500/production/_ext/1089847528/nmspi.o
 .comment       0x00000053       0x54 build/sam_e54_xpro_winc1500/production/_ext/1089847528/m2m_ota.o
 .comment       0x00000053       0x54 build/sam_e54_xpro_winc1500/production/_ext/1089847528/m2m_ssl.o
 .comment       0x00000053       0x54 build/sam_e54_xpro_winc1500/production/_ext/663370141/socket.o
 .comment       0x00000053       0x54 build/sam_e54_xpro_winc1500/production/_ext/663370141/inet_ntop.o
 .comment       0x00000053       0x54 build/sam_e54_xpro_winc1500/production/_ext/663370141/inet_addr.o
 .comment       0x00000053       0x54 build/sam_e54_xpro_winc1500/production/_ext/1114755757/spi_flash.o
 .comment       0x00000053       0x54 build/sam_e54_xpro_winc1500/production/_ext/1114755757/flexible_flash.o
 .comment       0x00000053       0x54 build/sam_e54_xpro_winc1500/production/_ext/550069128/wdrv_winc_osal.o
 .comment       0x00000053       0x54 build/sam_e54_xpro_winc1500/production/_ext/810064134/wdrv_winc.o
 .comment       0x00000053       0x54 build/sam_e54_xpro_winc1500/production/_ext/810064134/wdrv_winc_authctx.o
 .comment       0x00000053       0x54 build/sam_e54_xpro_winc1500/production/_ext/810064134/wdrv_winc_bssctx.o
 .comment       0x00000053       0x54 build/sam_e54_xpro_winc1500/production/_ext/810064134/wdrv_winc_host_file.o
 .comment       0x00000053       0x54 build/sam_e54_xpro_winc1500/production/_ext/810064134/wdrv_winc_socket.o
 .comment       0x00000053       0x54 build/sam_e54_xpro_winc1500/production/_ext/810064134/wdrv_winc_sta.o
 .comment       0x00000053       0x54 build/sam_e54_xpro_winc1500/production/_ext/810064134/wdrv_winc_systime.o
 .comment       0x00000053       0x54 build/sam_e54_xpro_winc1500/production/_ext/583946941/plib_clock.o
 .comment       0x00000053       0x54 build/sam_e54_xpro_winc1500/production/_ext/1643761302/plib_dmac.o
 .comment       0x00000053       0x54 build/sam_e54_xpro_winc1500/production/_ext/2025184588/plib_eic.o
 .comment       0x00000053       0x54 build/sam_e54_xpro_winc1500/production/_ext/581797455/plib_evsys.o
 .comment       0x00000053       0x54 build/sam_e54_xpro_winc1500/production/_ext/1644068109/plib_nvic.o
 .comment       0x00000053       0x54 build/sam_e54_xpro_winc1500/production/_ext/1370199163/plib_nvmctrl.o
 .comment       0x00000053       0x54 build/sam_e54_xpro_winc1500/production/_ext/1644121260/plib_port.o
 .comment       0x00000053       0x54 build/sam_e54_xpro_winc1500/production/_ext/1854354360/plib_sercom4_spi_master.o
 .comment       0x00000053       0x54 build/sam_e54_xpro_winc1500/production/_ext/923560386/plib_sercom2_usart.o
 .comment       0x00000053       0x54 build/sam_e54_xpro_winc1500/production/_ext/1320145242/plib_tc3.o
 .comment       0x00000053       0x54 build/sam_e54_xpro_winc1500/production/_ext/501133612/sys_console.o
 .comment       0x00000053       0x54 build/sam_e54_xpro_winc1500/production/_ext/501133612/sys_console_uart.o
 .comment       0x00000053       0x54 build/sam_e54_xpro_winc1500/production/_ext/1623561264/sys_debug.o
 .comment       0x00000053       0x54 build/sam_e54_xpro_winc1500/production/_ext/895123808/sys_dma.o
 .comment       0x00000053       0x54 build/sam_e54_xpro_winc1500/production/_ext/203683476/sys_int.o
 .comment       0x00000053       0x54 build/sam_e54_xpro_winc1500/production/_ext/323285254/sys_time.o
 .comment       0x00000053       0x54 build/sam_e54_xpro_winc1500/production/_ext/231993977/initialization.o
 .comment       0x00000053       0x54 build/sam_e54_xpro_winc1500/production/_ext/231993977/interrupts.o
 .comment       0x00000053       0x54 build/sam_e54_xpro_winc1500/production/_ext/231993977/exceptions.o
 .comment       0x00000053       0x54 build/sam_e54_xpro_winc1500/production/_ext/231993977/startup_xc32.o
 .comment       0x00000053       0x54 build/sam_e54_xpro_winc1500/production/_ext/231993977/tasks.o
 .comment       0x00000053       0x54 build/sam_e54_xpro_winc1500/production/_ext/1360937237/example.o
 .comment       0x00000053       0x54 build/sam_e54_xpro_winc1500/production/_ext/1360937237/main.o
 .comment       0x00000053       0x54 build/sam_e54_xpro_winc1500/production/_ext/1360937237/app.o
 .comment       0x00000053       0x54 c:/program files/microchip/xc32/v3.01/bin/bin/../../lib/gcc/pic32c/8.3.1/../../../../pic32c/lib/thumb/v7e-m+fp/hard\libpic32c.a(data_init.o)
 .comment       0x00000053       0x54 c:/program files/microchip/xc32/v3.01/bin/bin/../../lib/gcc/pic32c/8.3.1/thumb/v7e-m+fp/hard\libgcc.a(_udivmoddi4.o)
 .comment       0x00000053       0x54 c:/program files/microchip/xc32/v3.01/bin/bin/../../lib/gcc/pic32c/8.3.1/../../../../pic32c/lib/thumb/v7e-m+fp/hard\libc_nano.a(lib_a-impure.o)
 .comment       0x00000053       0x54 c:/program files/microchip/xc32/v3.01/bin/bin/../../lib/gcc/pic32c/8.3.1/../../../../pic32c/lib/thumb/v7e-m+fp/hard\libc_nano.a(lib_a-init.o)
 .comment       0x00000053       0x54 c:/program files/microchip/xc32/v3.01/bin/bin/../../lib/gcc/pic32c/8.3.1/../../../../pic32c/lib/thumb/v7e-m+fp/hard\libc_nano.a(lib_a-malloc.o)
 .comment       0x00000053       0x54 c:/program files/microchip/xc32/v3.01/bin/bin/../../lib/gcc/pic32c/8.3.1/../../../../pic32c/lib/thumb/v7e-m+fp/hard\libc_nano.a(lib_a-memcpy-stub.o)
 .comment       0x00000053       0x54 c:/program files/microchip/xc32/v3.01/bin/bin/../../lib/gcc/pic32c/8.3.1/../../../../pic32c/lib/thumb/v7e-m+fp/hard\libc_nano.a(lib_a-memset.o)
 .comment       0x00000053       0x54 c:/program files/microchip/xc32/v3.01/bin/bin/../../lib/gcc/pic32c/8.3.1/../../../../pic32c/lib/thumb/v7e-m+fp/hard\libc_nano.a(lib_a-mktime.o)
 .comment       0x00000053       0x54 c:/program files/microchip/xc32/v3.01/bin/bin/../../lib/gcc/pic32c/8.3.1/../../../../pic32c/lib/thumb/v7e-m+fp/hard\libc_nano.a(lib_a-nano-freer.o)
 .comment       0x00000053       0x54 c:/program files/microchip/xc32/v3.01/bin/bin/../../lib/gcc/pic32c/8.3.1/../../../../pic32c/lib/thumb/v7e-m+fp/hard\libc_nano.a(lib_a-nano-mallocr.o)
 .comment       0x00000053       0x54 c:/program files/microchip/xc32/v3.01/bin/bin/../../lib/gcc/pic32c/8.3.1/../../../../pic32c/lib/thumb/v7e-m+fp/hard\libc_nano.a(lib_a-sbrkr.o)
 .comment       0x00000053       0x54 c:/program files/microchip/xc32/v3.01/bin/bin/../../lib/gcc/pic32c/8.3.1/../../../../pic32c/lib/thumb/v7e-m+fp/hard\libc_nano.a(lib_a-strchr.o)
 .comment       0x00000053       0x54 c:/program files/microchip/xc32/v3.01/bin/bin/../../lib/gcc/pic32c/8.3.1/../../../../pic32c/lib/thumb/v7e-m+fp/hard\libc_nano.a(lib_a-tzcalc_limits.o)
 .comment       0x00000053       0x54 c:/program files/microchip/xc32/v3.01/bin/bin/../../lib/gcc/pic32c/8.3.1/../../../../pic32c/lib/thumb/v7e-m+fp/hard\libc_nano.a(lib_a-tzset.o)
 .comment       0x00000053       0x54 c:/program files/microchip/xc32/v3.01/bin/bin/../../lib/gcc/pic32c/8.3.1/../../../../pic32c/lib/thumb/v7e-m+fp/hard\libc_nano.a(lib_a-tzset_r.o)
 .comment       0x00000053       0x54 c:/program files/microchip/xc32/v3.01/bin/bin/../../lib/gcc/pic32c/8.3.1/../../../../pic32c/lib/thumb/v7e-m+fp/hard\libc_nano.a(lib_a-tzvars.o)
 .comment       0x00000053       0x54 c:/program files/microchip/xc32/v3.01/bin/bin/../../lib/gcc/pic32c/8.3.1/../../../../pic32c/lib/thumb/v7e-m+fp/hard\libc_nano.a(lib_a-vsnprintf.o)
 .comment       0x00000053       0x54 c:/program files/microchip/xc32/v3.01/bin/bin/../../lib/gcc/pic32c/8.3.1/../../../../pic32c/lib/thumb/v7e-m+fp/hard\libc_nano.a(lib_a-div.o)
 .comment       0x00000053       0x54 c:/program files/microchip/xc32/v3.01/bin/bin/../../lib/gcc/pic32c/8.3.1/../../../../pic32c/lib/thumb/v7e-m+fp/hard\libc_nano.a(lib_a-getenv_r.o)
 .comment       0x00000053       0x54 c:/program files/microchip/xc32/v3.01/bin/bin/../../lib/gcc/pic32c/8.3.1/../../../../pic32c/lib/thumb/v7e-m+fp/hard\libc_nano.a(lib_a-gettzinfo.o)
 .comment       0x00000053       0x54 c:/program files/microchip/xc32/v3.01/bin/bin/../../lib/gcc/pic32c/8.3.1/../../../../pic32c/lib/thumb/v7e-m+fp/hard\libc_nano.a(lib_a-mlock.o)
 .comment       0x00000053       0x54 c:/program files/microchip/xc32/v3.01/bin/bin/../../lib/gcc/pic32c/8.3.1/../../../../pic32c/lib/thumb/v7e-m+fp/hard\libc_nano.a(lib_a-month_lengths.o)
 .comment       0x00000053       0x54 c:/program files/microchip/xc32/v3.01/bin/bin/../../lib/gcc/pic32c/8.3.1/../../../../pic32c/lib/thumb/v7e-m+fp/hard\libc_nano.a(lib_a-nano-svfprintf.o)
 .comment       0x00000053       0x54 c:/program files/microchip/xc32/v3.01/bin/bin/../../lib/gcc/pic32c/8.3.1/../../../../pic32c/lib/thumb/v7e-m+fp/hard\libc_nano.a(lib_a-nano-vfprintf_float.o)
 .comment       0x00000053       0x54 c:/program files/microchip/xc32/v3.01/bin/bin/../../lib/gcc/pic32c/8.3.1/../../../../pic32c/lib/thumb/v7e-m+fp/hard\libc_nano.a(lib_a-nano-vfprintf_i.o)
 .comment       0x00000053       0x54 c:/program files/microchip/xc32/v3.01/bin/bin/../../lib/gcc/pic32c/8.3.1/../../../../pic32c/lib/thumb/v7e-m+fp/hard\libc_nano.a(lib_a-reent.o)
 .comment       0x00000053       0x54 c:/program files/microchip/xc32/v3.01/bin/bin/../../lib/gcc/pic32c/8.3.1/../../../../pic32c/lib/thumb/v7e-m+fp/hard\libc_nano.a(lib_a-sscanf.o)
 .comment       0x00000053       0x54 c:/program files/microchip/xc32/v3.01/bin/bin/../../lib/gcc/pic32c/8.3.1/../../../../pic32c/lib/thumb/v7e-m+fp/hard\libc_nano.a(lib_a-stdio.o)
 .comment       0x00000053       0x54 c:/program files/microchip/xc32/v3.01/bin/bin/../../lib/gcc/pic32c/8.3.1/../../../../pic32c/lib/thumb/v7e-m+fp/hard\libc_nano.a(lib_a-strcpy.o)
 .comment       0x00000053       0x54 c:/program files/microchip/xc32/v3.01/bin/bin/../../lib/gcc/pic32c/8.3.1/../../../../pic32c/lib/thumb/v7e-m+fp/hard\libc_nano.a(lib_a-strncmp.o)
 .comment       0x00000053       0x54 c:/program files/microchip/xc32/v3.01/bin/bin/../../lib/gcc/pic32c/8.3.1/../../../../pic32c/lib/thumb/v7e-m+fp/hard\libc_nano.a(lib_a-strtoul.o)
 .comment       0x00000053       0x54 c:/program files/microchip/xc32/v3.01/bin/bin/../../lib/gcc/pic32c/8.3.1/../../../../pic32c/lib/thumb/v7e-m+fp/hard\libc_nano.a(lib_a-__ssputs.o)
 .comment       0x00000053       0x54 c:/program files/microchip/xc32/v3.01/bin/bin/../../lib/gcc/pic32c/8.3.1/../../../../pic32c/lib/thumb/v7e-m+fp/hard\libc_nano.a(lib_a-ctype_.o)
 .comment       0x00000053       0x54 c:/program files/microchip/xc32/v3.01/bin/bin/../../lib/gcc/pic32c/8.3.1/../../../../pic32c/lib/thumb/v7e-m+fp/hard\libc_nano.a(lib_a-dtoa.o)
 .comment       0x00000053       0x54 c:/program files/microchip/xc32/v3.01/bin/bin/../../lib/gcc/pic32c/8.3.1/../../../../pic32c/lib/thumb/v7e-m+fp/hard\libc_nano.a(lib_a-environ.o)
 .comment       0x00000053       0x54 c:/program files/microchip/xc32/v3.01/bin/bin/../../lib/gcc/pic32c/8.3.1/../../../../pic32c/lib/thumb/v7e-m+fp/hard\libc_nano.a(lib_a-envlock.o)
 .comment       0x00000053       0x54 c:/program files/microchip/xc32/v3.01/bin/bin/../../lib/gcc/pic32c/8.3.1/../../../../pic32c/lib/thumb/v7e-m+fp/hard\libc_nano.a(lib_a-localeconv.o)
 .comment       0x00000053       0x54 c:/program files/microchip/xc32/v3.01/bin/bin/../../lib/gcc/pic32c/8.3.1/../../../../pic32c/lib/thumb/v7e-m+fp/hard\libc_nano.a(lib_a-memmove.o)
 .comment       0x00000053       0x54 c:/program files/microchip/xc32/v3.01/bin/bin/../../lib/gcc/pic32c/8.3.1/../../../../pic32c/lib/thumb/v7e-m+fp/hard\libc_nano.a(lib_a-mprec.o)
 .comment       0x00000053       0x54 c:/program files/microchip/xc32/v3.01/bin/bin/../../lib/gcc/pic32c/8.3.1/../../../../pic32c/lib/thumb/v7e-m+fp/hard\libc_nano.a(lib_a-nano-callocr.o)
 .comment       0x00000053       0x54 c:/program files/microchip/xc32/v3.01/bin/bin/../../lib/gcc/pic32c/8.3.1/../../../../pic32c/lib/thumb/v7e-m+fp/hard\libc_nano.a(lib_a-nano-reallocr.o)
 .comment       0x00000053       0x54 c:/program files/microchip/xc32/v3.01/bin/bin/../../lib/gcc/pic32c/8.3.1/../../../../pic32c/lib/thumb/v7e-m+fp/hard\libc_nano.a(lib_a-nano-svfscanf.o)
 .comment       0x00000053       0x54 c:/program files/microchip/xc32/v3.01/bin/bin/../../lib/gcc/pic32c/8.3.1/../../../../pic32c/lib/thumb/v7e-m+fp/hard\libc_nano.a(lib_a-nano-vfscanf_i.o)
 .comment       0x00000053       0x54 c:/program files/microchip/xc32/v3.01/bin/bin/../../lib/gcc/pic32c/8.3.1/../../../../pic32c/lib/thumb/v7e-m+fp/hard\libc_nano.a(lib_a-sccl.o)
 .comment       0x00000053       0x54 c:/program files/microchip/xc32/v3.01/bin/bin/../../lib/gcc/pic32c/8.3.1/../../../../pic32c/lib/thumb/v7e-m+fp/hard\libc_nano.a(lib_a-strtol.o)
 .comment       0x00000053       0x54 c:/program files/microchip/xc32/v3.01/bin/bin/../../lib/gcc/pic32c/8.3.1/../../../../pic32c/lib/thumb/v7e-m+fp/hard\libc_nano.a(lib_a-ungetc.o)
 .comment       0x00000053       0x54 c:/program files/microchip/xc32/v3.01/bin/bin/../../lib/gcc/pic32c/8.3.1/../../../../pic32c/lib/thumb/v7e-m+fp/hard\libc_nano.a(lib_a-findfp.o)
 .comment       0x00000053       0x54 c:/program files/microchip/xc32/v3.01/bin/bin/../../lib/gcc/pic32c/8.3.1/../../../../pic32c/lib/thumb/v7e-m+fp/hard\libc_nano.a(lib_a-locale.o)
 .comment       0x00000053       0x54 c:/program files/microchip/xc32/v3.01/bin/bin/../../lib/gcc/pic32c/8.3.1/../../../../pic32c/lib/thumb/v7e-m+fp/hard\libc_nano.a(lib_a-mbtowc_r.o)
 .comment       0x00000053       0x54 c:/program files/microchip/xc32/v3.01/bin/bin/../../lib/gcc/pic32c/8.3.1/../../../../pic32c/lib/thumb/v7e-m+fp/hard\libc_nano.a(lib_a-nano-msizer.o)
 .comment       0x00000053       0x54 c:/program files/microchip/xc32/v3.01/bin/bin/../../lib/gcc/pic32c/8.3.1/../../../../pic32c/lib/thumb/v7e-m+fp/hard\libc_nano.a(lib_a-wctomb_r.o)
 .comment       0x00000053       0x54 c:/program files/microchip/xc32/v3.01/bin/bin/../../lib/gcc/pic32c/8.3.1/../../../../pic32c/lib/thumb/v7e-m+fp/hard\libpic32c.a(sbrk.o)

.debug_info     0x00000000    0x7461c
 .debug_info    0x00000000     0x11b0 build/sam_e54_xpro_winc1500/production/_ext/1159541321/bsp.o
 .debug_info    0x000011b0     0x60df build/sam_e54_xpro_winc1500/production/_ext/138683810/drv_spi.o
 .debug_info    0x0000728f     0x11ec build/sam_e54_xpro_winc1500/production/_ext/1232460686/wdrv_winc_eint.o
 .debug_info    0x0000847b     0x1401 build/sam_e54_xpro_winc1500/production/_ext/1232460686/wdrv_winc_gpio.o
 .debug_info    0x0000987c     0x215f build/sam_e54_xpro_winc1500/production/_ext/930086057/wdrv_winc_spi.o
 .debug_info    0x0000b9db     0x1286 build/sam_e54_xpro_winc1500/production/_ext/1121136421/nm_common.o
 .debug_info    0x0000cc61     0x29df build/sam_e54_xpro_winc1500/production/_ext/1089847528/m2m_hif.o
 .debug_info    0x0000f640     0x892f build/sam_e54_xpro_winc1500/production/_ext/1089847528/m2m_wifi.o
 .debug_info    0x00017f6f     0x2601 build/sam_e54_xpro_winc1500/production/_ext/1089847528/nmasic.o
 .debug_info    0x0001a570     0x18d2 build/sam_e54_xpro_winc1500/production/_ext/1089847528/nmbus.o
 .debug_info    0x0001be42     0x1c66 build/sam_e54_xpro_winc1500/production/_ext/1089847528/nmdrv.o
 .debug_info    0x0001daa8     0x2dd9 build/sam_e54_xpro_winc1500/production/_ext/1089847528/nmspi.o
 .debug_info    0x00020881     0x2c17 build/sam_e54_xpro_winc1500/production/_ext/1089847528/m2m_ota.o
 .debug_info    0x00023498     0x24e3 build/sam_e54_xpro_winc1500/production/_ext/1089847528/m2m_ssl.o
 .debug_info    0x0002597b     0x405a build/sam_e54_xpro_winc1500/production/_ext/663370141/socket.o
 .debug_info    0x000299d5     0x1259 build/sam_e54_xpro_winc1500/production/_ext/663370141/inet_ntop.o
 .debug_info    0x0002ac2e     0x11e1 build/sam_e54_xpro_winc1500/production/_ext/663370141/inet_addr.o
 .debug_info    0x0002be0f     0x253f build/sam_e54_xpro_winc1500/production/_ext/1114755757/spi_flash.o
 .debug_info    0x0002e34e     0x12f2 build/sam_e54_xpro_winc1500/production/_ext/1114755757/flexible_flash.o
 .debug_info    0x0002f640     0x11d2 build/sam_e54_xpro_winc1500/production/_ext/550069128/wdrv_winc_osal.o
 .debug_info    0x00030812     0x7955 build/sam_e54_xpro_winc1500/production/_ext/810064134/wdrv_winc.o
 .debug_info    0x00038167     0x222c build/sam_e54_xpro_winc1500/production/_ext/810064134/wdrv_winc_authctx.o
 .debug_info    0x0003a393     0x1968 build/sam_e54_xpro_winc1500/production/_ext/810064134/wdrv_winc_bssctx.o
 .debug_info    0x0003bcfb     0x4841 build/sam_e54_xpro_winc1500/production/_ext/810064134/wdrv_winc_host_file.o
 .debug_info    0x0004053c     0x3845 build/sam_e54_xpro_winc1500/production/_ext/810064134/wdrv_winc_socket.o
 .debug_info    0x00043d81     0x3a80 build/sam_e54_xpro_winc1500/production/_ext/810064134/wdrv_winc_sta.o
 .debug_info    0x00047801     0x35ca build/sam_e54_xpro_winc1500/production/_ext/810064134/wdrv_winc_systime.o
 .debug_info    0x0004adcb      0xc26 build/sam_e54_xpro_winc1500/production/_ext/583946941/plib_clock.o
 .debug_info    0x0004b9f1     0x1ff1 build/sam_e54_xpro_winc1500/production/_ext/1643761302/plib_dmac.o
 .debug_info    0x0004d9e2      0x7e8 build/sam_e54_xpro_winc1500/production/_ext/2025184588/plib_eic.o
 .debug_info    0x0004e1ca      0x3ac build/sam_e54_xpro_winc1500/production/_ext/581797455/plib_evsys.o
 .debug_info    0x0004e576     0x1930 build/sam_e54_xpro_winc1500/production/_ext/1644068109/plib_nvic.o
 .debug_info    0x0004fea6     0x1984 build/sam_e54_xpro_winc1500/production/_ext/1370199163/plib_nvmctrl.o
 .debug_info    0x0005182a     0x1177 build/sam_e54_xpro_winc1500/production/_ext/1644121260/plib_port.o
 .debug_info    0x000529a1     0x1580 build/sam_e54_xpro_winc1500/production/_ext/1854354360/plib_sercom4_spi_master.o
 .debug_info    0x00053f21     0x20c6 build/sam_e54_xpro_winc1500/production/_ext/923560386/plib_sercom2_usart.o
 .debug_info    0x00055fe7      0xd5c build/sam_e54_xpro_winc1500/production/_ext/1320145242/plib_tc3.o
 .debug_info    0x00056d43     0x210e build/sam_e54_xpro_winc1500/production/_ext/501133612/sys_console.o
 .debug_info    0x00058e51     0x2412 build/sam_e54_xpro_winc1500/production/_ext/501133612/sys_console_uart.o
 .debug_info    0x0005b263     0x13eb build/sam_e54_xpro_winc1500/production/_ext/1623561264/sys_debug.o
 .debug_info    0x0005c64e     0x1608 build/sam_e54_xpro_winc1500/production/_ext/895123808/sys_dma.o
 .debug_info    0x0005dc56     0x1252 build/sam_e54_xpro_winc1500/production/_ext/203683476/sys_int.o
 .debug_info    0x0005eea8     0x3f27 build/sam_e54_xpro_winc1500/production/_ext/323285254/sys_time.o
 .debug_info    0x00062dcf     0x4c48 build/sam_e54_xpro_winc1500/production/_ext/231993977/initialization.o
 .debug_info    0x00067a17     0x2570 build/sam_e54_xpro_winc1500/production/_ext/231993977/interrupts.o
 .debug_info    0x00069f87     0x11ac build/sam_e54_xpro_winc1500/production/_ext/231993977/exceptions.o
 .debug_info    0x0006b133      0x9b7 build/sam_e54_xpro_winc1500/production/_ext/231993977/startup_xc32.o
 .debug_info    0x0006baea     0x110b build/sam_e54_xpro_winc1500/production/_ext/231993977/tasks.o
 .debug_info    0x0006cbf5     0x2b04 build/sam_e54_xpro_winc1500/production/_ext/1360937237/example.o
 .debug_info    0x0006f6f9     0x10f5 build/sam_e54_xpro_winc1500/production/_ext/1360937237/main.o
 .debug_info    0x000707ee     0x17cb build/sam_e54_xpro_winc1500/production/_ext/1360937237/app.o
 .debug_info    0x00071fb9      0x2cd c:/program files/microchip/xc32/v3.01/bin/bin/../../lib/gcc/pic32c/8.3.1/../../../../pic32c/lib/thumb/v7e-m+fp/hard\libpic32c.a(data_init.o)
 .debug_info    0x00072286       0x26 c:/program files/microchip/xc32/v3.01/bin/bin/../../lib/gcc/pic32c/8.3.1/thumb/v7e-m+fp/hard\libgcc.a(_aeabi_uldivmod.o)
 .debug_info    0x000722ac     0x1fdc c:/program files/microchip/xc32/v3.01/bin/bin/../../lib/gcc/pic32c/8.3.1/thumb/v7e-m+fp/hard\libgcc.a(_udivmoddi4.o)
 .debug_info    0x00074288       0x26 c:/program files/microchip/xc32/v3.01/bin/bin/../../lib/gcc/pic32c/8.3.1/thumb/v7e-m+fp/hard\libgcc.a(_dvmd_tls.o)
 .debug_info    0x000742ae      0x2b0 c:/program files/microchip/xc32/v3.01/bin/bin/../../lib/gcc/pic32c/8.3.1/../../../../pic32c/lib/thumb/v7e-m+fp/hard\libpic32c.a(sbrk.o)
 .debug_info    0x0007455e       0x26 c:/program files/microchip/xc32/v3.01/bin/bin/../../lib/gcc/pic32c/8.3.1/thumb/v7e-m+fp/hard\libgcc.a(_arm_addsubdf3.o)
 .debug_info    0x00074584       0x26 c:/program files/microchip/xc32/v3.01/bin/bin/../../lib/gcc/pic32c/8.3.1/thumb/v7e-m+fp/hard\libgcc.a(_arm_muldivdf3.o)
 .debug_info    0x000745aa       0x26 c:/program files/microchip/xc32/v3.01/bin/bin/../../lib/gcc/pic32c/8.3.1/thumb/v7e-m+fp/hard\libgcc.a(_arm_cmpdf2.o)
 .debug_info    0x000745d0       0x26 c:/program files/microchip/xc32/v3.01/bin/bin/../../lib/gcc/pic32c/8.3.1/thumb/v7e-m+fp/hard\libgcc.a(_arm_unorddf2.o)
 .debug_info    0x000745f6       0x26 c:/program files/microchip/xc32/v3.01/bin/bin/../../lib/gcc/pic32c/8.3.1/thumb/v7e-m+fp/hard\libgcc.a(_arm_fixdfsi.o)

.debug_abbrev   0x00000000     0xa533
 .debug_abbrev  0x00000000      0x1cb build/sam_e54_xpro_winc1500/production/_ext/1159541321/bsp.o
 .debug_abbrev  0x000001cb      0x5d3 build/sam_e54_xpro_winc1500/production/_ext/138683810/drv_spi.o
 .debug_abbrev  0x0000079e      0x22b build/sam_e54_xpro_winc1500/production/_ext/1232460686/wdrv_winc_eint.o
 .debug_abbrev  0x000009c9      0x1ec build/sam_e54_xpro_winc1500/production/_ext/1232460686/wdrv_winc_gpio.o
 .debug_abbrev  0x00000bb5      0x3de build/sam_e54_xpro_winc1500/production/_ext/930086057/wdrv_winc_spi.o
 .debug_abbrev  0x00000f93      0x283 build/sam_e54_xpro_winc1500/production/_ext/1121136421/nm_common.o
 .debug_abbrev  0x00001216      0x592 build/sam_e54_xpro_winc1500/production/_ext/1089847528/m2m_hif.o
 .debug_abbrev  0x000017a8      0x568 build/sam_e54_xpro_winc1500/production/_ext/1089847528/m2m_wifi.o
 .debug_abbrev  0x00001d10      0x3ce build/sam_e54_xpro_winc1500/production/_ext/1089847528/nmasic.o
 .debug_abbrev  0x000020de      0x363 build/sam_e54_xpro_winc1500/production/_ext/1089847528/nmbus.o
 .debug_abbrev  0x00002441      0x31b build/sam_e54_xpro_winc1500/production/_ext/1089847528/nmdrv.o
 .debug_abbrev  0x0000275c      0x4d9 build/sam_e54_xpro_winc1500/production/_ext/1089847528/nmspi.o
 .debug_abbrev  0x00002c35      0x3d5 build/sam_e54_xpro_winc1500/production/_ext/1089847528/m2m_ota.o
 .debug_abbrev  0x0000300a      0x3c3 build/sam_e54_xpro_winc1500/production/_ext/1089847528/m2m_ssl.o
 .debug_abbrev  0x000033cd      0x584 build/sam_e54_xpro_winc1500/production/_ext/663370141/socket.o
 .debug_abbrev  0x00003951      0x20c build/sam_e54_xpro_winc1500/production/_ext/663370141/inet_ntop.o
 .debug_abbrev  0x00003b5d      0x207 build/sam_e54_xpro_winc1500/production/_ext/663370141/inet_addr.o
 .debug_abbrev  0x00003d64      0x456 build/sam_e54_xpro_winc1500/production/_ext/1114755757/spi_flash.o
 .debug_abbrev  0x000041ba      0x25f build/sam_e54_xpro_winc1500/production/_ext/1114755757/flexible_flash.o
 .debug_abbrev  0x00004419      0x23c build/sam_e54_xpro_winc1500/production/_ext/550069128/wdrv_winc_osal.o
 .debug_abbrev  0x00004655      0x57f build/sam_e54_xpro_winc1500/production/_ext/810064134/wdrv_winc.o
 .debug_abbrev  0x00004bd4      0x3a9 build/sam_e54_xpro_winc1500/production/_ext/810064134/wdrv_winc_authctx.o
 .debug_abbrev  0x00004f7d      0x2e4 build/sam_e54_xpro_winc1500/production/_ext/810064134/wdrv_winc_bssctx.o
 .debug_abbrev  0x00005261      0x4a4 build/sam_e54_xpro_winc1500/production/_ext/810064134/wdrv_winc_host_file.o
 .debug_abbrev  0x00005705      0x39c build/sam_e54_xpro_winc1500/production/_ext/810064134/wdrv_winc_socket.o
 .debug_abbrev  0x00005aa1      0x3bc build/sam_e54_xpro_winc1500/production/_ext/810064134/wdrv_winc_sta.o
 .debug_abbrev  0x00005e5d      0x304 build/sam_e54_xpro_winc1500/production/_ext/810064134/wdrv_winc_systime.o
 .debug_abbrev  0x00006161      0x135 build/sam_e54_xpro_winc1500/production/_ext/583946941/plib_clock.o
 .debug_abbrev  0x00006296      0x447 build/sam_e54_xpro_winc1500/production/_ext/1643761302/plib_dmac.o
 .debug_abbrev  0x000066dd      0x1ab build/sam_e54_xpro_winc1500/production/_ext/2025184588/plib_eic.o
 .debug_abbrev  0x00006888       0x64 build/sam_e54_xpro_winc1500/production/_ext/581797455/plib_evsys.o
 .debug_abbrev  0x000068ec      0x222 build/sam_e54_xpro_winc1500/production/_ext/1644068109/plib_nvic.o
 .debug_abbrev  0x00006b0e      0x353 build/sam_e54_xpro_winc1500/production/_ext/1370199163/plib_nvmctrl.o
 .debug_abbrev  0x00006e61      0x1e9 build/sam_e54_xpro_winc1500/production/_ext/1644121260/plib_port.o
 .debug_abbrev  0x0000704a      0x2ad build/sam_e54_xpro_winc1500/production/_ext/1854354360/plib_sercom4_spi_master.o
 .debug_abbrev  0x000072f7      0x46a build/sam_e54_xpro_winc1500/production/_ext/923560386/plib_sercom2_usart.o
 .debug_abbrev  0x00007761      0x1f9 build/sam_e54_xpro_winc1500/production/_ext/1320145242/plib_tc3.o
 .debug_abbrev  0x0000795a      0x4d3 build/sam_e54_xpro_winc1500/production/_ext/501133612/sys_console.o
 .debug_abbrev  0x00007e2d      0x45b build/sam_e54_xpro_winc1500/production/_ext/501133612/sys_console_uart.o
 .debug_abbrev  0x00008288      0x28d build/sam_e54_xpro_winc1500/production/_ext/1623561264/sys_debug.o
 .debug_abbrev  0x00008515      0x239 build/sam_e54_xpro_winc1500/production/_ext/895123808/sys_dma.o
 .debug_abbrev  0x0000874e      0x253 build/sam_e54_xpro_winc1500/production/_ext/203683476/sys_int.o
 .debug_abbrev  0x000089a1      0x695 build/sam_e54_xpro_winc1500/production/_ext/323285254/sys_time.o
 .debug_abbrev  0x00009036      0x2cf build/sam_e54_xpro_winc1500/production/_ext/231993977/initialization.o
 .debug_abbrev  0x00009305      0x1f6 build/sam_e54_xpro_winc1500/production/_ext/231993977/interrupts.o
 .debug_abbrev  0x000094fb      0x1e0 build/sam_e54_xpro_winc1500/production/_ext/231993977/exceptions.o
 .debug_abbrev  0x000096db      0x209 build/sam_e54_xpro_winc1500/production/_ext/231993977/startup_xc32.o
 .debug_abbrev  0x000098e4      0x212 build/sam_e54_xpro_winc1500/production/_ext/231993977/tasks.o
 .debug_abbrev  0x00009af6      0x325 build/sam_e54_xpro_winc1500/production/_ext/1360937237/example.o
 .debug_abbrev  0x00009e1b      0x219 build/sam_e54_xpro_winc1500/production/_ext/1360937237/main.o
 .debug_abbrev  0x0000a034      0x285 build/sam_e54_xpro_winc1500/production/_ext/1360937237/app.o
 .debug_abbrev  0x0000a2b9       0x2e c:/program files/microchip/xc32/v3.01/bin/bin/../../lib/gcc/pic32c/8.3.1/../../../../pic32c/lib/thumb/v7e-m+fp/hard\libpic32c.a(data_init.o)
 .debug_abbrev  0x0000a2e7       0x14 c:/program files/microchip/xc32/v3.01/bin/bin/../../lib/gcc/pic32c/8.3.1/thumb/v7e-m+fp/hard\libgcc.a(_aeabi_uldivmod.o)
 .debug_abbrev  0x0000a2fb      0x192 c:/program files/microchip/xc32/v3.01/bin/bin/../../lib/gcc/pic32c/8.3.1/thumb/v7e-m+fp/hard\libgcc.a(_udivmoddi4.o)
 .debug_abbrev  0x0000a48d       0x14 c:/program files/microchip/xc32/v3.01/bin/bin/../../lib/gcc/pic32c/8.3.1/thumb/v7e-m+fp/hard\libgcc.a(_dvmd_tls.o)
 .debug_abbrev  0x0000a4a1       0x2e c:/program files/microchip/xc32/v3.01/bin/bin/../../lib/gcc/pic32c/8.3.1/../../../../pic32c/lib/thumb/v7e-m+fp/hard\libpic32c.a(sbrk.o)
 .debug_abbrev  0x0000a4cf       0x14 c:/program files/microchip/xc32/v3.01/bin/bin/../../lib/gcc/pic32c/8.3.1/thumb/v7e-m+fp/hard\libgcc.a(_arm_addsubdf3.o)
 .debug_abbrev  0x0000a4e3       0x14 c:/program files/microchip/xc32/v3.01/bin/bin/../../lib/gcc/pic32c/8.3.1/thumb/v7e-m+fp/hard\libgcc.a(_arm_muldivdf3.o)
 .debug_abbrev  0x0000a4f7       0x14 c:/program files/microchip/xc32/v3.01/bin/bin/../../lib/gcc/pic32c/8.3.1/thumb/v7e-m+fp/hard\libgcc.a(_arm_cmpdf2.o)
 .debug_abbrev  0x0000a50b       0x14 c:/program files/microchip/xc32/v3.01/bin/bin/../../lib/gcc/pic32c/8.3.1/thumb/v7e-m+fp/hard\libgcc.a(_arm_unorddf2.o)
 .debug_abbrev  0x0000a51f       0x14 c:/program files/microchip/xc32/v3.01/bin/bin/../../lib/gcc/pic32c/8.3.1/thumb/v7e-m+fp/hard\libgcc.a(_arm_fixdfsi.o)

.debug_aranges  0x00000000     0x1608
 .debug_aranges
                0x00000000       0x20 build/sam_e54_xpro_winc1500/production/_ext/1159541321/bsp.o
 .debug_aranges
                0x00000020       0xb8 build/sam_e54_xpro_winc1500/production/_ext/138683810/drv_spi.o
 .debug_aranges
                0x000000d8       0x28 build/sam_e54_xpro_winc1500/production/_ext/1232460686/wdrv_winc_eint.o
 .debug_aranges
                0x00000100       0x38 build/sam_e54_xpro_winc1500/production/_ext/1232460686/wdrv_winc_gpio.o
 .debug_aranges
                0x00000138       0x50 build/sam_e54_xpro_winc1500/production/_ext/930086057/wdrv_winc_spi.o
 .debug_aranges
                0x00000188       0x28 build/sam_e54_xpro_winc1500/production/_ext/1121136421/nm_common.o
 .debug_aranges
                0x000001b0       0x80 build/sam_e54_xpro_winc1500/production/_ext/1089847528/m2m_hif.o
 .debug_aranges
                0x00000230      0x290 build/sam_e54_xpro_winc1500/production/_ext/1089847528/m2m_wifi.o
 .debug_aranges
                0x000004c0       0xc8 build/sam_e54_xpro_winc1500/production/_ext/1089847528/nmasic.o
 .debug_aranges
                0x00000588       0x60 build/sam_e54_xpro_winc1500/production/_ext/1089847528/nmbus.o
 .debug_aranges
                0x000005e8       0x58 build/sam_e54_xpro_winc1500/production/_ext/1089847528/nmdrv.o
 .debug_aranges
                0x00000640       0x80 build/sam_e54_xpro_winc1500/production/_ext/1089847528/nmspi.o
 .debug_aranges
                0x000006c0       0x90 build/sam_e54_xpro_winc1500/production/_ext/1089847528/m2m_ota.o
 .debug_aranges
                0x00000750       0x70 build/sam_e54_xpro_winc1500/production/_ext/1089847528/m2m_ssl.o
 .debug_aranges
                0x000007c0       0xe8 build/sam_e54_xpro_winc1500/production/_ext/663370141/socket.o
 .debug_aranges
                0x000008a8       0x20 build/sam_e54_xpro_winc1500/production/_ext/663370141/inet_ntop.o
 .debug_aranges
                0x000008c8       0x20 build/sam_e54_xpro_winc1500/production/_ext/663370141/inet_addr.o
 .debug_aranges
                0x000008e8       0x60 build/sam_e54_xpro_winc1500/production/_ext/1114755757/spi_flash.o
 .debug_aranges
                0x00000948       0x20 build/sam_e54_xpro_winc1500/production/_ext/1114755757/flexible_flash.o
 .debug_aranges
                0x00000968       0x20 build/sam_e54_xpro_winc1500/production/_ext/550069128/wdrv_winc_osal.o
 .debug_aranges
                0x00000988       0xf0 build/sam_e54_xpro_winc1500/production/_ext/810064134/wdrv_winc.o
 .debug_aranges
                0x00000a78       0x48 build/sam_e54_xpro_winc1500/production/_ext/810064134/wdrv_winc_authctx.o
 .debug_aranges
                0x00000ac0       0x48 build/sam_e54_xpro_winc1500/production/_ext/810064134/wdrv_winc_bssctx.o
 .debug_aranges
                0x00000b08       0x48 build/sam_e54_xpro_winc1500/production/_ext/810064134/wdrv_winc_host_file.o
 .debug_aranges
                0x00000b50       0x98 build/sam_e54_xpro_winc1500/production/_ext/810064134/wdrv_winc_socket.o
 .debug_aranges
                0x00000be8       0x40 build/sam_e54_xpro_winc1500/production/_ext/810064134/wdrv_winc_sta.o
 .debug_aranges
                0x00000c28       0x48 build/sam_e54_xpro_winc1500/production/_ext/810064134/wdrv_winc_systime.o
 .debug_aranges
                0x00000c70       0x20 build/sam_e54_xpro_winc1500/production/_ext/583946941/plib_clock.o
 .debug_aranges
                0x00000c90       0xb8 build/sam_e54_xpro_winc1500/production/_ext/1643761302/plib_dmac.o
 .debug_aranges
                0x00000d48       0x40 build/sam_e54_xpro_winc1500/production/_ext/2025184588/plib_eic.o
 .debug_aranges
                0x00000d88       0x20 build/sam_e54_xpro_winc1500/production/_ext/581797455/plib_evsys.o
 .debug_aranges
                0x00000da8       0x38 build/sam_e54_xpro_winc1500/production/_ext/1644068109/plib_nvic.o
 .debug_aranges
                0x00000de0       0xc0 build/sam_e54_xpro_winc1500/production/_ext/1370199163/plib_nvmctrl.o
 .debug_aranges
                0x00000ea0       0x70 build/sam_e54_xpro_winc1500/production/_ext/1644121260/plib_port.o
 .debug_aranges
                0x00000f10       0x60 build/sam_e54_xpro_winc1500/production/_ext/1854354360/plib_sercom4_spi_master.o
 .debug_aranges
                0x00000f70       0xb8 build/sam_e54_xpro_winc1500/production/_ext/923560386/plib_sercom2_usart.o
 .debug_aranges
                0x00001028       0x78 build/sam_e54_xpro_winc1500/production/_ext/1320145242/plib_tc3.o
 .debug_aranges
                0x000010a0       0x88 build/sam_e54_xpro_winc1500/production/_ext/501133612/sys_console.o
 .debug_aranges
                0x00001128       0x68 build/sam_e54_xpro_winc1500/production/_ext/501133612/sys_console_uart.o
 .debug_aranges
                0x00001190       0x48 build/sam_e54_xpro_winc1500/production/_ext/1623561264/sys_debug.o
 .debug_aranges
                0x000011d8       0x28 build/sam_e54_xpro_winc1500/production/_ext/895123808/sys_dma.o
 .debug_aranges
                0x00001200       0x40 build/sam_e54_xpro_winc1500/production/_ext/203683476/sys_int.o
 .debug_aranges
                0x00001240      0x130 build/sam_e54_xpro_winc1500/production/_ext/323285254/sys_time.o
 .debug_aranges
                0x00001370       0x20 build/sam_e54_xpro_winc1500/production/_ext/231993977/initialization.o
 .debug_aranges
                0x00001390       0x20 build/sam_e54_xpro_winc1500/production/_ext/231993977/interrupts.o
 .debug_aranges
                0x000013b0       0x48 build/sam_e54_xpro_winc1500/production/_ext/231993977/exceptions.o
 .debug_aranges
                0x000013f8       0x28 build/sam_e54_xpro_winc1500/production/_ext/231993977/startup_xc32.o
 .debug_aranges
                0x00001420       0x20 build/sam_e54_xpro_winc1500/production/_ext/231993977/tasks.o
 .debug_aranges
                0x00001440       0x40 build/sam_e54_xpro_winc1500/production/_ext/1360937237/example.o
 .debug_aranges
                0x00001480       0x20 build/sam_e54_xpro_winc1500/production/_ext/1360937237/main.o
 .debug_aranges
                0x000014a0       0x28 build/sam_e54_xpro_winc1500/production/_ext/1360937237/app.o
 .debug_aranges
                0x000014c8       0x20 c:/program files/microchip/xc32/v3.01/bin/bin/../../lib/gcc/pic32c/8.3.1/../../../../pic32c/lib/thumb/v7e-m+fp/hard\libpic32c.a(data_init.o)
 .debug_aranges
                0x000014e8       0x20 c:/program files/microchip/xc32/v3.01/bin/bin/../../lib/gcc/pic32c/8.3.1/thumb/v7e-m+fp/hard\libgcc.a(_aeabi_uldivmod.o)
 .debug_aranges
                0x00001508       0x20 c:/program files/microchip/xc32/v3.01/bin/bin/../../lib/gcc/pic32c/8.3.1/thumb/v7e-m+fp/hard\libgcc.a(_udivmoddi4.o)
 .debug_aranges
                0x00001528       0x20 c:/program files/microchip/xc32/v3.01/bin/bin/../../lib/gcc/pic32c/8.3.1/thumb/v7e-m+fp/hard\libgcc.a(_dvmd_tls.o)
 .debug_aranges
                0x00001548       0x20 c:/program files/microchip/xc32/v3.01/bin/bin/../../lib/gcc/pic32c/8.3.1/../../../../pic32c/lib/thumb/v7e-m+fp/hard\libpic32c.a(sbrk.o)
 .debug_aranges
                0x00001568       0x20 c:/program files/microchip/xc32/v3.01/bin/bin/../../lib/gcc/pic32c/8.3.1/thumb/v7e-m+fp/hard\libgcc.a(_arm_addsubdf3.o)
 .debug_aranges
                0x00001588       0x20 c:/program files/microchip/xc32/v3.01/bin/bin/../../lib/gcc/pic32c/8.3.1/thumb/v7e-m+fp/hard\libgcc.a(_arm_muldivdf3.o)
 .debug_aranges
                0x000015a8       0x20 c:/program files/microchip/xc32/v3.01/bin/bin/../../lib/gcc/pic32c/8.3.1/thumb/v7e-m+fp/hard\libgcc.a(_arm_cmpdf2.o)
 .debug_aranges
                0x000015c8       0x20 c:/program files/microchip/xc32/v3.01/bin/bin/../../lib/gcc/pic32c/8.3.1/thumb/v7e-m+fp/hard\libgcc.a(_arm_unorddf2.o)
 .debug_aranges
                0x000015e8       0x20 c:/program files/microchip/xc32/v3.01/bin/bin/../../lib/gcc/pic32c/8.3.1/thumb/v7e-m+fp/hard\libgcc.a(_arm_fixdfsi.o)

.debug_ranges   0x00000000     0x1dd8
 .debug_ranges  0x00000000       0x10 build/sam_e54_xpro_winc1500/production/_ext/1159541321/bsp.o
 .debug_ranges  0x00000010      0x190 build/sam_e54_xpro_winc1500/production/_ext/138683810/drv_spi.o
 .debug_ranges  0x000001a0       0x18 build/sam_e54_xpro_winc1500/production/_ext/1232460686/wdrv_winc_eint.o
 .debug_ranges  0x000001b8       0x28 build/sam_e54_xpro_winc1500/production/_ext/1232460686/wdrv_winc_gpio.o
 .debug_ranges  0x000001e0       0x70 build/sam_e54_xpro_winc1500/production/_ext/930086057/wdrv_winc_spi.o
 .debug_ranges  0x00000250       0x18 build/sam_e54_xpro_winc1500/production/_ext/1121136421/nm_common.o
 .debug_ranges  0x00000268       0xe0 build/sam_e54_xpro_winc1500/production/_ext/1089847528/m2m_hif.o
 .debug_ranges  0x00000348      0x3b0 build/sam_e54_xpro_winc1500/production/_ext/1089847528/m2m_wifi.o
 .debug_ranges  0x000006f8       0xd0 build/sam_e54_xpro_winc1500/production/_ext/1089847528/nmasic.o
 .debug_ranges  0x000007c8       0x80 build/sam_e54_xpro_winc1500/production/_ext/1089847528/nmbus.o
 .debug_ranges  0x00000848       0x48 build/sam_e54_xpro_winc1500/production/_ext/1089847528/nmdrv.o
 .debug_ranges  0x00000890      0x210 build/sam_e54_xpro_winc1500/production/_ext/1089847528/nmspi.o
 .debug_ranges  0x00000aa0       0x80 build/sam_e54_xpro_winc1500/production/_ext/1089847528/m2m_ota.o
 .debug_ranges  0x00000b20       0xb8 build/sam_e54_xpro_winc1500/production/_ext/1089847528/m2m_ssl.o
 .debug_ranges  0x00000bd8      0x230 build/sam_e54_xpro_winc1500/production/_ext/663370141/socket.o
 .debug_ranges  0x00000e08       0x10 build/sam_e54_xpro_winc1500/production/_ext/663370141/inet_ntop.o
 .debug_ranges  0x00000e18       0x10 build/sam_e54_xpro_winc1500/production/_ext/663370141/inet_addr.o
 .debug_ranges  0x00000e28       0x98 build/sam_e54_xpro_winc1500/production/_ext/1114755757/spi_flash.o
 .debug_ranges  0x00000ec0       0x10 build/sam_e54_xpro_winc1500/production/_ext/1114755757/flexible_flash.o
 .debug_ranges  0x00000ed0       0x10 build/sam_e54_xpro_winc1500/production/_ext/550069128/wdrv_winc_osal.o
 .debug_ranges  0x00000ee0      0x158 build/sam_e54_xpro_winc1500/production/_ext/810064134/wdrv_winc.o
 .debug_ranges  0x00001038       0x88 build/sam_e54_xpro_winc1500/production/_ext/810064134/wdrv_winc_authctx.o
 .debug_ranges  0x000010c0       0x50 build/sam_e54_xpro_winc1500/production/_ext/810064134/wdrv_winc_bssctx.o
 .debug_ranges  0x00001110       0xc8 build/sam_e54_xpro_winc1500/production/_ext/810064134/wdrv_winc_host_file.o
 .debug_ranges  0x000011d8       0x88 build/sam_e54_xpro_winc1500/production/_ext/810064134/wdrv_winc_socket.o
 .debug_ranges  0x00001260       0x78 build/sam_e54_xpro_winc1500/production/_ext/810064134/wdrv_winc_sta.o
 .debug_ranges  0x000012d8       0x38 build/sam_e54_xpro_winc1500/production/_ext/810064134/wdrv_winc_systime.o
 .debug_ranges  0x00001310       0x10 build/sam_e54_xpro_winc1500/production/_ext/583946941/plib_clock.o
 .debug_ranges  0x00001320       0xe0 build/sam_e54_xpro_winc1500/production/_ext/1643761302/plib_dmac.o
 .debug_ranges  0x00001400       0x30 build/sam_e54_xpro_winc1500/production/_ext/2025184588/plib_eic.o
 .debug_ranges  0x00001430       0x10 build/sam_e54_xpro_winc1500/production/_ext/581797455/plib_evsys.o
 .debug_ranges  0x00001440       0x28 build/sam_e54_xpro_winc1500/production/_ext/1644068109/plib_nvic.o
 .debug_ranges  0x00001468       0xb0 build/sam_e54_xpro_winc1500/production/_ext/1370199163/plib_nvmctrl.o
 .debug_ranges  0x00001518       0x60 build/sam_e54_xpro_winc1500/production/_ext/1644121260/plib_port.o
 .debug_ranges  0x00001578       0x50 build/sam_e54_xpro_winc1500/production/_ext/1854354360/plib_sercom4_spi_master.o
 .debug_ranges  0x000015c8      0x1a0 build/sam_e54_xpro_winc1500/production/_ext/923560386/plib_sercom2_usart.o
 .debug_ranges  0x00001768       0x68 build/sam_e54_xpro_winc1500/production/_ext/1320145242/plib_tc3.o
 .debug_ranges  0x000017d0       0x90 build/sam_e54_xpro_winc1500/production/_ext/501133612/sys_console.o
 .debug_ranges  0x00001860      0x1a8 build/sam_e54_xpro_winc1500/production/_ext/501133612/sys_console_uart.o
 .debug_ranges  0x00001a08       0x38 build/sam_e54_xpro_winc1500/production/_ext/1623561264/sys_debug.o
 .debug_ranges  0x00001a40       0x18 build/sam_e54_xpro_winc1500/production/_ext/895123808/sys_dma.o
 .debug_ranges  0x00001a58       0x30 build/sam_e54_xpro_winc1500/production/_ext/203683476/sys_int.o
 .debug_ranges  0x00001a88      0x180 build/sam_e54_xpro_winc1500/production/_ext/323285254/sys_time.o
 .debug_ranges  0x00001c08       0x10 build/sam_e54_xpro_winc1500/production/_ext/231993977/initialization.o
 .debug_ranges  0x00001c18       0x10 build/sam_e54_xpro_winc1500/production/_ext/231993977/interrupts.o
 .debug_ranges  0x00001c28       0x38 build/sam_e54_xpro_winc1500/production/_ext/231993977/exceptions.o
 .debug_ranges  0x00001c60       0x18 build/sam_e54_xpro_winc1500/production/_ext/231993977/startup_xc32.o
 .debug_ranges  0x00001c78       0x10 build/sam_e54_xpro_winc1500/production/_ext/231993977/tasks.o
 .debug_ranges  0x00001c88       0x30 build/sam_e54_xpro_winc1500/production/_ext/1360937237/example.o
 .debug_ranges  0x00001cb8       0x10 build/sam_e54_xpro_winc1500/production/_ext/1360937237/main.o
 .debug_ranges  0x00001cc8       0x18 build/sam_e54_xpro_winc1500/production/_ext/1360937237/app.o
 .debug_ranges  0x00001ce0       0x10 c:/program files/microchip/xc32/v3.01/bin/bin/../../lib/gcc/pic32c/8.3.1/../../../../pic32c/lib/thumb/v7e-m+fp/hard\libpic32c.a(data_init.o)
 .debug_ranges  0x00001cf0       0xd8 c:/program files/microchip/xc32/v3.01/bin/bin/../../lib/gcc/pic32c/8.3.1/thumb/v7e-m+fp/hard\libgcc.a(_udivmoddi4.o)
 .debug_ranges  0x00001dc8       0x10 c:/program files/microchip/xc32/v3.01/bin/bin/../../lib/gcc/pic32c/8.3.1/../../../../pic32c/lib/thumb/v7e-m+fp/hard\libpic32c.a(sbrk.o)

.debug_line     0x00000000    0x1ac07
 .debug_line    0x00000000      0x215 build/sam_e54_xpro_winc1500/production/_ext/1159541321/bsp.o
 .debug_line    0x00000215     0x1722 build/sam_e54_xpro_winc1500/production/_ext/138683810/drv_spi.o
 .debug_line    0x00001937      0x319 build/sam_e54_xpro_winc1500/production/_ext/1232460686/wdrv_winc_eint.o
 .debug_line    0x00001c50      0x338 build/sam_e54_xpro_winc1500/production/_ext/1232460686/wdrv_winc_gpio.o
 .debug_line    0x00001f88      0x7f1 build/sam_e54_xpro_winc1500/production/_ext/930086057/wdrv_winc_spi.o
 .debug_line    0x00002779      0x39d build/sam_e54_xpro_winc1500/production/_ext/1121136421/nm_common.o
 .debug_line    0x00002b16      0xe92 build/sam_e54_xpro_winc1500/production/_ext/1089847528/m2m_hif.o
 .debug_line    0x000039a8     0x20f4 build/sam_e54_xpro_winc1500/production/_ext/1089847528/m2m_wifi.o
 .debug_line    0x00005a9c      0xd67 build/sam_e54_xpro_winc1500/production/_ext/1089847528/nmasic.o
 .debug_line    0x00006803      0x58b build/sam_e54_xpro_winc1500/production/_ext/1089847528/nmbus.o
 .debug_line    0x00006d8e      0x7d9 build/sam_e54_xpro_winc1500/production/_ext/1089847528/nmdrv.o
 .debug_line    0x00007567     0x1070 build/sam_e54_xpro_winc1500/production/_ext/1089847528/nmspi.o
 .debug_line    0x000085d7      0x97d build/sam_e54_xpro_winc1500/production/_ext/1089847528/m2m_ota.o
 .debug_line    0x00008f54      0x94b build/sam_e54_xpro_winc1500/production/_ext/1089847528/m2m_ssl.o
 .debug_line    0x0000989f     0x1455 build/sam_e54_xpro_winc1500/production/_ext/663370141/socket.o
 .debug_line    0x0000acf4      0x3e9 build/sam_e54_xpro_winc1500/production/_ext/663370141/inet_ntop.o
 .debug_line    0x0000b0dd      0x3bf build/sam_e54_xpro_winc1500/production/_ext/663370141/inet_addr.o
 .debug_line    0x0000b49c      0xa4e build/sam_e54_xpro_winc1500/production/_ext/1114755757/spi_flash.o
 .debug_line    0x0000beea      0x3b5 build/sam_e54_xpro_winc1500/production/_ext/1114755757/flexible_flash.o
 .debug_line    0x0000c29f      0x312 build/sam_e54_xpro_winc1500/production/_ext/550069128/wdrv_winc_osal.o
 .debug_line    0x0000c5b1     0x1c64 build/sam_e54_xpro_winc1500/production/_ext/810064134/wdrv_winc.o
 .debug_line    0x0000e215      0x757 build/sam_e54_xpro_winc1500/production/_ext/810064134/wdrv_winc_authctx.o
 .debug_line    0x0000e96c      0x51b build/sam_e54_xpro_winc1500/production/_ext/810064134/wdrv_winc_bssctx.o
 .debug_line    0x0000ee87     0x1032 build/sam_e54_xpro_winc1500/production/_ext/810064134/wdrv_winc_host_file.o
 .debug_line    0x0000feb9      0xa06 build/sam_e54_xpro_winc1500/production/_ext/810064134/wdrv_winc_socket.o
 .debug_line    0x000108bf      0x9fc build/sam_e54_xpro_winc1500/production/_ext/810064134/wdrv_winc_sta.o
 .debug_line    0x000112bb      0x72a build/sam_e54_xpro_winc1500/production/_ext/810064134/wdrv_winc_systime.o
 .debug_line    0x000119e5      0x33b build/sam_e54_xpro_winc1500/production/_ext/583946941/plib_clock.o
 .debug_line    0x00011d20      0x7e9 build/sam_e54_xpro_winc1500/production/_ext/1643761302/plib_dmac.o
 .debug_line    0x00012509      0x2e8 build/sam_e54_xpro_winc1500/production/_ext/2025184588/plib_eic.o
 .debug_line    0x000127f1      0x13f build/sam_e54_xpro_winc1500/production/_ext/581797455/plib_evsys.o
 .debug_line    0x00012930      0x61f build/sam_e54_xpro_winc1500/production/_ext/1644068109/plib_nvic.o
 .debug_line    0x00012f4f      0x5a4 build/sam_e54_xpro_winc1500/production/_ext/1370199163/plib_nvmctrl.o
 .debug_line    0x000134f3      0x385 build/sam_e54_xpro_winc1500/production/_ext/1644121260/plib_port.o
 .debug_line    0x00013878      0x7a3 build/sam_e54_xpro_winc1500/production/_ext/1854354360/plib_sercom4_spi_master.o
 .debug_line    0x0001401b      0xbcf build/sam_e54_xpro_winc1500/production/_ext/923560386/plib_sercom2_usart.o
 .debug_line    0x00014bea      0x3ca build/sam_e54_xpro_winc1500/production/_ext/1320145242/plib_tc3.o
 .debug_line    0x00014fb4      0x7a3 build/sam_e54_xpro_winc1500/production/_ext/501133612/sys_console.o
 .debug_line    0x00015757      0x80e build/sam_e54_xpro_winc1500/production/_ext/501133612/sys_console_uart.o
 .debug_line    0x00015f65      0x339 build/sam_e54_xpro_winc1500/production/_ext/1623561264/sys_debug.o
 .debug_line    0x0001629e      0x24b build/sam_e54_xpro_winc1500/production/_ext/895123808/sys_dma.o
 .debug_line    0x000164e9      0x333 build/sam_e54_xpro_winc1500/production/_ext/203683476/sys_int.o
 .debug_line    0x0001681c     0x1371 build/sam_e54_xpro_winc1500/production/_ext/323285254/sys_time.o
 .debug_line    0x00017b8d      0x91b build/sam_e54_xpro_winc1500/production/_ext/231993977/initialization.o
 .debug_line    0x000184a8      0x2cf build/sam_e54_xpro_winc1500/production/_ext/231993977/interrupts.o
 .debug_line    0x00018777      0x2ea build/sam_e54_xpro_winc1500/production/_ext/231993977/exceptions.o
 .debug_line    0x00018a61      0x2c4 build/sam_e54_xpro_winc1500/production/_ext/231993977/startup_xc32.o
 .debug_line    0x00018d25      0x2d9 build/sam_e54_xpro_winc1500/production/_ext/231993977/tasks.o
 .debug_line    0x00018ffe      0x6ea build/sam_e54_xpro_winc1500/production/_ext/1360937237/example.o
 .debug_line    0x000196e8      0x280 build/sam_e54_xpro_winc1500/production/_ext/1360937237/main.o
 .debug_line    0x00019968      0x431 build/sam_e54_xpro_winc1500/production/_ext/1360937237/app.o
 .debug_line    0x00019d99      0x110 c:/program files/microchip/xc32/v3.01/bin/bin/../../lib/gcc/pic32c/8.3.1/../../../../pic32c/lib/thumb/v7e-m+fp/hard\libpic32c.a(data_init.o)
 .debug_line    0x00019ea9       0x9c c:/program files/microchip/xc32/v3.01/bin/bin/../../lib/gcc/pic32c/8.3.1/thumb/v7e-m+fp/hard\libgcc.a(_aeabi_uldivmod.o)
 .debug_line    0x00019f45      0x57e c:/program files/microchip/xc32/v3.01/bin/bin/../../lib/gcc/pic32c/8.3.1/thumb/v7e-m+fp/hard\libgcc.a(_udivmoddi4.o)
 .debug_line    0x0001a4c3       0x9c c:/program files/microchip/xc32/v3.01/bin/bin/../../lib/gcc/pic32c/8.3.1/thumb/v7e-m+fp/hard\libgcc.a(_dvmd_tls.o)
 .debug_line    0x0001a55f       0xb5 c:/program files/microchip/xc32/v3.01/bin/bin/../../lib/gcc/pic32c/8.3.1/../../../../pic32c/lib/thumb/v7e-m+fp/hard\libpic32c.a(sbrk.o)
 .debug_line    0x0001a614      0x1c1 c:/program files/microchip/xc32/v3.01/bin/bin/../../lib/gcc/pic32c/8.3.1/thumb/v7e-m+fp/hard\libgcc.a(_arm_addsubdf3.o)
 .debug_line    0x0001a7d5      0x1da c:/program files/microchip/xc32/v3.01/bin/bin/../../lib/gcc/pic32c/8.3.1/thumb/v7e-m+fp/hard\libgcc.a(_arm_muldivdf3.o)
 .debug_line    0x0001a9af       0xf9 c:/program files/microchip/xc32/v3.01/bin/bin/../../lib/gcc/pic32c/8.3.1/thumb/v7e-m+fp/hard\libgcc.a(_arm_cmpdf2.o)
 .debug_line    0x0001aaa8       0xaa c:/program files/microchip/xc32/v3.01/bin/bin/../../lib/gcc/pic32c/8.3.1/thumb/v7e-m+fp/hard\libgcc.a(_arm_unorddf2.o)
 .debug_line    0x0001ab52       0xb5 c:/program files/microchip/xc32/v3.01/bin/bin/../../lib/gcc/pic32c/8.3.1/thumb/v7e-m+fp/hard\libgcc.a(_arm_fixdfsi.o)

.debug_str      0x00000000     0x305d
 .debug_str     0x00000000        0xe build/sam_e54_xpro_winc1500/production/_ext/1159541321/bsp.o
 .debug_str     0x0000000e      0x292 build/sam_e54_xpro_winc1500/production/_ext/138683810/drv_spi.o
 .debug_str     0x000002a0       0x4c build/sam_e54_xpro_winc1500/production/_ext/1232460686/wdrv_winc_eint.o
 .debug_str     0x000002ec        0xe build/sam_e54_xpro_winc1500/production/_ext/1232460686/wdrv_winc_gpio.o
 .debug_str     0x000002fa      0x127 build/sam_e54_xpro_winc1500/production/_ext/930086057/wdrv_winc_spi.o
 .debug_str     0x00000421       0x91 build/sam_e54_xpro_winc1500/production/_ext/1121136421/nm_common.o
 .debug_str     0x000004b2      0x127 build/sam_e54_xpro_winc1500/production/_ext/1089847528/m2m_hif.o
 .debug_str     0x000005d9      0x452 build/sam_e54_xpro_winc1500/production/_ext/1089847528/m2m_wifi.o
 .debug_str     0x00000a2b       0xd4 build/sam_e54_xpro_winc1500/production/_ext/1089847528/nmasic.o
 .debug_str     0x00000aff       0xa6 build/sam_e54_xpro_winc1500/production/_ext/1089847528/nmbus.o
 .debug_str     0x00000ba5      0x17e build/sam_e54_xpro_winc1500/production/_ext/1089847528/nmdrv.o
 .debug_str     0x00000d23       0xcf build/sam_e54_xpro_winc1500/production/_ext/1089847528/nmspi.o
 .debug_str     0x00000df2      0x152 build/sam_e54_xpro_winc1500/production/_ext/1089847528/m2m_ota.o
 .debug_str     0x00000f44       0xb1 build/sam_e54_xpro_winc1500/production/_ext/1089847528/m2m_ssl.o
 .debug_str     0x00000ff5      0x1c9 build/sam_e54_xpro_winc1500/production/_ext/663370141/socket.o
 .debug_str     0x000011be        0xe build/sam_e54_xpro_winc1500/production/_ext/663370141/inet_ntop.o
 .debug_str     0x000011cc        0xe build/sam_e54_xpro_winc1500/production/_ext/663370141/inet_addr.o
 .debug_str     0x000011da       0xdc build/sam_e54_xpro_winc1500/production/_ext/1114755757/spi_flash.o
 .debug_str     0x000012b6       0x1d build/sam_e54_xpro_winc1500/production/_ext/1114755757/flexible_flash.o
 .debug_str     0x000012d3       0x38 build/sam_e54_xpro_winc1500/production/_ext/550069128/wdrv_winc_osal.o
 .debug_str     0x0000130b      0x45b build/sam_e54_xpro_winc1500/production/_ext/810064134/wdrv_winc.o
 .debug_str     0x00001766       0x77 build/sam_e54_xpro_winc1500/production/_ext/810064134/wdrv_winc_authctx.o
 .debug_str     0x000017dd       0x16 build/sam_e54_xpro_winc1500/production/_ext/810064134/wdrv_winc_bssctx.o
 .debug_str     0x000017f3      0x191 build/sam_e54_xpro_winc1500/production/_ext/810064134/wdrv_winc_host_file.o
 .debug_str     0x00001984      0x16e build/sam_e54_xpro_winc1500/production/_ext/810064134/wdrv_winc_socket.o
 .debug_str     0x00001af2      0x1cf build/sam_e54_xpro_winc1500/production/_ext/810064134/wdrv_winc_sta.o
 .debug_str     0x00001cc1       0xc3 build/sam_e54_xpro_winc1500/production/_ext/810064134/wdrv_winc_systime.o
 .debug_str     0x00001d84       0x1e build/sam_e54_xpro_winc1500/production/_ext/583946941/plib_clock.o
 .debug_str     0x00001da2       0x5a build/sam_e54_xpro_winc1500/production/_ext/1643761302/plib_dmac.o
 .debug_str     0x00001dfc        0x9 build/sam_e54_xpro_winc1500/production/_ext/2025184588/plib_eic.o
 .debug_str     0x00001e05        0x0 build/sam_e54_xpro_winc1500/production/_ext/581797455/plib_evsys.o
 .debug_str     0x00001e05        0xa build/sam_e54_xpro_winc1500/production/_ext/1644068109/plib_nvic.o
 .debug_str     0x00001e0f       0x29 build/sam_e54_xpro_winc1500/production/_ext/1370199163/plib_nvmctrl.o
 .debug_str     0x00001e38        0xb build/sam_e54_xpro_winc1500/production/_ext/1644121260/plib_port.o
 .debug_str     0x00001e43      0x149 build/sam_e54_xpro_winc1500/production/_ext/1854354360/plib_sercom4_spi_master.o
 .debug_str     0x00001f8c      0x1c8 build/sam_e54_xpro_winc1500/production/_ext/923560386/plib_sercom2_usart.o
 .debug_str     0x00002154       0xbb build/sam_e54_xpro_winc1500/production/_ext/1320145242/plib_tc3.o
 .debug_str     0x0000220f       0x46 build/sam_e54_xpro_winc1500/production/_ext/501133612/sys_console.o
 .debug_str     0x00002255       0xa1 build/sam_e54_xpro_winc1500/production/_ext/501133612/sys_console_uart.o
 .debug_str     0x000022f6        0xe build/sam_e54_xpro_winc1500/production/_ext/1623561264/sys_debug.o
 .debug_str     0x00002304       0x3e build/sam_e54_xpro_winc1500/production/_ext/895123808/sys_dma.o
 .debug_str     0x00002342       0x32 build/sam_e54_xpro_winc1500/production/_ext/203683476/sys_int.o
 .debug_str     0x00002374      0x14e build/sam_e54_xpro_winc1500/production/_ext/323285254/sys_time.o
 .debug_str     0x000024c2      0x2ba build/sam_e54_xpro_winc1500/production/_ext/231993977/initialization.o
 .debug_str     0x0000277c        0xe build/sam_e54_xpro_winc1500/production/_ext/231993977/interrupts.o
 .debug_str     0x0000278a        0xe build/sam_e54_xpro_winc1500/production/_ext/231993977/exceptions.o
 .debug_str     0x00002798       0x2f build/sam_e54_xpro_winc1500/production/_ext/231993977/startup_xc32.o
 .debug_str     0x000027c7       0x28 build/sam_e54_xpro_winc1500/production/_ext/231993977/tasks.o
 .debug_str     0x000027ef      0x13d build/sam_e54_xpro_winc1500/production/_ext/1360937237/example.o
 .debug_str     0x0000292c       0x27 build/sam_e54_xpro_winc1500/production/_ext/1360937237/main.o
 .debug_str     0x00002953       0x6b build/sam_e54_xpro_winc1500/production/_ext/1360937237/app.o
 .debug_str     0x000029be        0x0 c:/program files/microchip/xc32/v3.01/bin/bin/../../lib/gcc/pic32c/8.3.1/../../../../pic32c/lib/thumb/v7e-m+fp/hard\libpic32c.a(data_init.o)
 .debug_str     0x000029be       0xee c:/program files/microchip/xc32/v3.01/bin/bin/../../lib/gcc/pic32c/8.3.1/thumb/v7e-m+fp/hard\libgcc.a(_aeabi_uldivmod.o)
 .debug_str     0x00002aac        0x0 c:/program files/microchip/xc32/v3.01/bin/bin/../../lib/gcc/pic32c/8.3.1/thumb/v7e-m+fp/hard\libgcc.a(_udivmoddi4.o)
 .debug_str     0x00002aac       0xf2 c:/program files/microchip/xc32/v3.01/bin/bin/../../lib/gcc/pic32c/8.3.1/thumb/v7e-m+fp/hard\libgcc.a(_dvmd_tls.o)
 .debug_str     0x00002b9e        0x0 c:/program files/microchip/xc32/v3.01/bin/bin/../../lib/gcc/pic32c/8.3.1/../../../../pic32c/lib/thumb/v7e-m+fp/hard\libpic32c.a(sbrk.o)
 .debug_str     0x00002b9e       0xf3 c:/program files/microchip/xc32/v3.01/bin/bin/../../lib/gcc/pic32c/8.3.1/thumb/v7e-m+fp/hard\libgcc.a(_arm_addsubdf3.o)
 .debug_str     0x00002c91       0xf3 c:/program files/microchip/xc32/v3.01/bin/bin/../../lib/gcc/pic32c/8.3.1/thumb/v7e-m+fp/hard\libgcc.a(_arm_muldivdf3.o)
 .debug_str     0x00002d84       0xf3 c:/program files/microchip/xc32/v3.01/bin/bin/../../lib/gcc/pic32c/8.3.1/thumb/v7e-m+fp/hard\libgcc.a(_arm_cmpdf2.o)
 .debug_str     0x00002e77       0xf3 c:/program files/microchip/xc32/v3.01/bin/bin/../../lib/gcc/pic32c/8.3.1/thumb/v7e-m+fp/hard\libgcc.a(_arm_unorddf2.o)
 .debug_str     0x00002f6a       0xf3 c:/program files/microchip/xc32/v3.01/bin/bin/../../lib/gcc/pic32c/8.3.1/thumb/v7e-m+fp/hard\libgcc.a(_arm_fixdfsi.o)

.debug_frame    0x00000000     0x3c64
 .debug_frame   0x00000000       0x20 build/sam_e54_xpro_winc1500/production/_ext/1159541321/bsp.o
 .debug_frame   0x00000020      0x254 build/sam_e54_xpro_winc1500/production/_ext/138683810/drv_spi.o
 .debug_frame   0x00000274       0x40 build/sam_e54_xpro_winc1500/production/_ext/1232460686/wdrv_winc_eint.o
 .debug_frame   0x000002b4       0x50 build/sam_e54_xpro_winc1500/production/_ext/1232460686/wdrv_winc_gpio.o
 .debug_frame   0x00000304       0xc0 build/sam_e54_xpro_winc1500/production/_ext/930086057/wdrv_winc_spi.o
 .debug_frame   0x000003c4       0x40 build/sam_e54_xpro_winc1500/production/_ext/1121136421/nm_common.o
 .debug_frame   0x00000404      0x150 build/sam_e54_xpro_winc1500/production/_ext/1089847528/m2m_hif.o
 .debug_frame   0x00000554      0x944 build/sam_e54_xpro_winc1500/production/_ext/1089847528/m2m_wifi.o
 .debug_frame   0x00000e98      0x2e0 build/sam_e54_xpro_winc1500/production/_ext/1089847528/nmasic.o
 .debug_frame   0x00001178       0xf0 build/sam_e54_xpro_winc1500/production/_ext/1089847528/nmbus.o
 .debug_frame   0x00001268      0x100 build/sam_e54_xpro_winc1500/production/_ext/1089847528/nmdrv.o
 .debug_frame   0x00001368      0x1e4 build/sam_e54_xpro_winc1500/production/_ext/1089847528/nmspi.o
 .debug_frame   0x0000154c      0x1cc build/sam_e54_xpro_winc1500/production/_ext/1089847528/m2m_ota.o
 .debug_frame   0x00001718      0x158 build/sam_e54_xpro_winc1500/production/_ext/1089847528/m2m_ssl.o
 .debug_frame   0x00001870      0x31c build/sam_e54_xpro_winc1500/production/_ext/663370141/socket.o
 .debug_frame   0x00001b8c       0x68 build/sam_e54_xpro_winc1500/production/_ext/663370141/inet_ntop.o
 .debug_frame   0x00001bf4       0x38 build/sam_e54_xpro_winc1500/production/_ext/663370141/inet_addr.o
 .debug_frame   0x00001c2c      0x15c build/sam_e54_xpro_winc1500/production/_ext/1114755757/spi_flash.o
 .debug_frame   0x00001d88       0x58 build/sam_e54_xpro_winc1500/production/_ext/1114755757/flexible_flash.o
 .debug_frame   0x00001de0       0x2c build/sam_e54_xpro_winc1500/production/_ext/550069128/wdrv_winc_osal.o
 .debug_frame   0x00001e0c      0x308 build/sam_e54_xpro_winc1500/production/_ext/810064134/wdrv_winc.o
 .debug_frame   0x00002114       0xdc build/sam_e54_xpro_winc1500/production/_ext/810064134/wdrv_winc_authctx.o
 .debug_frame   0x000021f0       0xc4 build/sam_e54_xpro_winc1500/production/_ext/810064134/wdrv_winc_bssctx.o
 .debug_frame   0x000022b4       0xf4 build/sam_e54_xpro_winc1500/production/_ext/810064134/wdrv_winc_host_file.o
 .debug_frame   0x000023a8      0x194 build/sam_e54_xpro_winc1500/production/_ext/810064134/wdrv_winc_socket.o
 .debug_frame   0x0000253c       0xb4 build/sam_e54_xpro_winc1500/production/_ext/810064134/wdrv_winc_sta.o
 .debug_frame   0x000025f0       0xd0 build/sam_e54_xpro_winc1500/production/_ext/810064134/wdrv_winc_systime.o
 .debug_frame   0x000026c0       0x20 build/sam_e54_xpro_winc1500/production/_ext/583946941/plib_clock.o
 .debug_frame   0x000026e0      0x1c4 build/sam_e54_xpro_winc1500/production/_ext/1643761302/plib_dmac.o
 .debug_frame   0x000028a4       0x78 build/sam_e54_xpro_winc1500/production/_ext/2025184588/plib_eic.o
 .debug_frame   0x0000291c       0x20 build/sam_e54_xpro_winc1500/production/_ext/581797455/plib_evsys.o
 .debug_frame   0x0000293c       0x60 build/sam_e54_xpro_winc1500/production/_ext/1644068109/plib_nvic.o
 .debug_frame   0x0000299c      0x19c build/sam_e54_xpro_winc1500/production/_ext/1370199163/plib_nvmctrl.o
 .debug_frame   0x00002b38       0xcc build/sam_e54_xpro_winc1500/production/_ext/1644121260/plib_port.o
 .debug_frame   0x00002c04       0xdc build/sam_e54_xpro_winc1500/production/_ext/1854354360/plib_sercom4_spi_master.o
 .debug_frame   0x00002ce0      0x1b8 build/sam_e54_xpro_winc1500/production/_ext/923560386/plib_sercom2_usart.o
 .debug_frame   0x00002e98       0xd8 build/sam_e54_xpro_winc1500/production/_ext/1320145242/plib_tc3.o
 .debug_frame   0x00002f70      0x1d0 build/sam_e54_xpro_winc1500/production/_ext/501133612/sys_console.o
 .debug_frame   0x00003140       0xf8 build/sam_e54_xpro_winc1500/production/_ext/501133612/sys_console_uart.o
 .debug_frame   0x00003238       0x70 build/sam_e54_xpro_winc1500/production/_ext/1623561264/sys_debug.o
 .debug_frame   0x000032a8       0x48 build/sam_e54_xpro_winc1500/production/_ext/895123808/sys_dma.o
 .debug_frame   0x000032f0       0x84 build/sam_e54_xpro_winc1500/production/_ext/203683476/sys_int.o
 .debug_frame   0x00003374      0x3f8 build/sam_e54_xpro_winc1500/production/_ext/323285254/sys_time.o
 .debug_frame   0x0000376c       0x28 build/sam_e54_xpro_winc1500/production/_ext/231993977/initialization.o
 .debug_frame   0x00003794       0x20 build/sam_e54_xpro_winc1500/production/_ext/231993977/interrupts.o
 .debug_frame   0x000037b4       0x70 build/sam_e54_xpro_winc1500/production/_ext/231993977/exceptions.o
 .debug_frame   0x00003824       0x38 build/sam_e54_xpro_winc1500/production/_ext/231993977/startup_xc32.o
 .debug_frame   0x0000385c       0x28 build/sam_e54_xpro_winc1500/production/_ext/231993977/tasks.o
 .debug_frame   0x00003884       0xa4 build/sam_e54_xpro_winc1500/production/_ext/1360937237/example.o
 .debug_frame   0x00003928       0x28 build/sam_e54_xpro_winc1500/production/_ext/1360937237/main.o
 .debug_frame   0x00003950       0x38 build/sam_e54_xpro_winc1500/production/_ext/1360937237/app.o
 .debug_frame   0x00003988       0x38 c:/program files/microchip/xc32/v3.01/bin/bin/../../lib/gcc/pic32c/8.3.1/../../../../pic32c/lib/thumb/v7e-m+fp/hard\libpic32c.a(data_init.o)
 .debug_frame   0x000039c0       0x2c c:/program files/microchip/xc32/v3.01/bin/bin/../../lib/gcc/pic32c/8.3.1/thumb/v7e-m+fp/hard\libgcc.a(_aeabi_uldivmod.o)
 .debug_frame   0x000039ec       0x34 c:/program files/microchip/xc32/v3.01/bin/bin/../../lib/gcc/pic32c/8.3.1/thumb/v7e-m+fp/hard\libgcc.a(_udivmoddi4.o)
 .debug_frame   0x00003a20       0x20 c:/program files/microchip/xc32/v3.01/bin/bin/../../lib/gcc/pic32c/8.3.1/../../../../pic32c/lib/thumb/v7e-m+fp/hard\libc_nano.a(lib_a-strcmp.o)
 .debug_frame   0x00003a40       0x20 c:/program files/microchip/xc32/v3.01/bin/bin/../../lib/gcc/pic32c/8.3.1/../../../../pic32c/lib/thumb/v7e-m+fp/hard\libpic32c.a(sbrk.o)
 .debug_frame   0x00003a60       0xac c:/program files/microchip/xc32/v3.01/bin/bin/../../lib/gcc/pic32c/8.3.1/thumb/v7e-m+fp/hard\libgcc.a(_arm_addsubdf3.o)
 .debug_frame   0x00003b0c       0x50 c:/program files/microchip/xc32/v3.01/bin/bin/../../lib/gcc/pic32c/8.3.1/thumb/v7e-m+fp/hard\libgcc.a(_arm_muldivdf3.o)
 .debug_frame   0x00003b5c       0xc4 c:/program files/microchip/xc32/v3.01/bin/bin/../../lib/gcc/pic32c/8.3.1/thumb/v7e-m+fp/hard\libgcc.a(_arm_cmpdf2.o)
 .debug_frame   0x00003c20       0x20 c:/program files/microchip/xc32/v3.01/bin/bin/../../lib/gcc/pic32c/8.3.1/thumb/v7e-m+fp/hard\libgcc.a(_arm_unorddf2.o)
 .debug_frame   0x00003c40       0x24 c:/program files/microchip/xc32/v3.01/bin/bin/../../lib/gcc/pic32c/8.3.1/thumb/v7e-m+fp/hard\libgcc.a(_arm_fixdfsi.o)

.debug_loc      0x00000000    0x2083e